Archive member included to satisfy reference by file (symbol)

c:/users/franc/documents/_hiver 2019/pfe/stm32/sw4stm32/plugins/fr.ac6.mcu.externaltools.arm-none.win32_1.16.0.201807130628/tools/compiler/bin/../lib/gcc/arm-none-eabi/7.2.1/../../../../arm-none-eabi/lib/thumb/v7e-m/fpv4-sp/hard\libm.a(lib_a-sf_nan.o)
                              Src/stats.o (nanf)
c:/users/franc/documents/_hiver 2019/pfe/stm32/sw4stm32/plugins/fr.ac6.mcu.externaltools.arm-none.win32_1.16.0.201807130628/tools/compiler/bin/../lib/gcc/arm-none-eabi/7.2.1/../../../../arm-none-eabi/lib/thumb/v7e-m/fpv4-sp/hard\libm.a(lib_a-w_log10.o)
                              Src/pfe_fonctionsUtilisateur.o (log10)
c:/users/franc/documents/_hiver 2019/pfe/stm32/sw4stm32/plugins/fr.ac6.mcu.externaltools.arm-none.win32_1.16.0.201807130628/tools/compiler/bin/../lib/gcc/arm-none-eabi/7.2.1/../../../../arm-none-eabi/lib/thumb/v7e-m/fpv4-sp/hard\libm.a(lib_a-wf_sqrt.o)
                              Src/sensors.o (sqrtf)
c:/users/franc/documents/_hiver 2019/pfe/stm32/sw4stm32/plugins/fr.ac6.mcu.externaltools.arm-none.win32_1.16.0.201807130628/tools/compiler/bin/../lib/gcc/arm-none-eabi/7.2.1/../../../../arm-none-eabi/lib/thumb/v7e-m/fpv4-sp/hard\libm.a(lib_a-e_log10.o)
                              c:/users/franc/documents/_hiver 2019/pfe/stm32/sw4stm32/plugins/fr.ac6.mcu.externaltools.arm-none.win32_1.16.0.201807130628/tools/compiler/bin/../lib/gcc/arm-none-eabi/7.2.1/../../../../arm-none-eabi/lib/thumb/v7e-m/fpv4-sp/hard\libm.a(lib_a-w_log10.o) (__ieee754_log10)
c:/users/franc/documents/_hiver 2019/pfe/stm32/sw4stm32/plugins/fr.ac6.mcu.externaltools.arm-none.win32_1.16.0.201807130628/tools/compiler/bin/../lib/gcc/arm-none-eabi/7.2.1/../../../../arm-none-eabi/lib/thumb/v7e-m/fpv4-sp/hard\libm.a(lib_a-ef_sqrt.o)
                              c:/users/franc/documents/_hiver 2019/pfe/stm32/sw4stm32/plugins/fr.ac6.mcu.externaltools.arm-none.win32_1.16.0.201807130628/tools/compiler/bin/../lib/gcc/arm-none-eabi/7.2.1/../../../../arm-none-eabi/lib/thumb/v7e-m/fpv4-sp/hard\libm.a(lib_a-wf_sqrt.o) (__ieee754_sqrtf)
c:/users/franc/documents/_hiver 2019/pfe/stm32/sw4stm32/plugins/fr.ac6.mcu.externaltools.arm-none.win32_1.16.0.201807130628/tools/compiler/bin/../lib/gcc/arm-none-eabi/7.2.1/../../../../arm-none-eabi/lib/thumb/v7e-m/fpv4-sp/hard\libm.a(lib_a-s_lib_ver.o)
                              c:/users/franc/documents/_hiver 2019/pfe/stm32/sw4stm32/plugins/fr.ac6.mcu.externaltools.arm-none.win32_1.16.0.201807130628/tools/compiler/bin/../lib/gcc/arm-none-eabi/7.2.1/../../../../arm-none-eabi/lib/thumb/v7e-m/fpv4-sp/hard\libm.a(lib_a-w_log10.o) (__fdlib_version)
c:/users/franc/documents/_hiver 2019/pfe/stm32/sw4stm32/plugins/fr.ac6.mcu.externaltools.arm-none.win32_1.16.0.201807130628/tools/compiler/bin/../lib/gcc/arm-none-eabi/7.2.1/../../../../arm-none-eabi/lib/thumb/v7e-m/fpv4-sp/hard\libm.a(lib_a-s_matherr.o)
                              c:/users/franc/documents/_hiver 2019/pfe/stm32/sw4stm32/plugins/fr.ac6.mcu.externaltools.arm-none.win32_1.16.0.201807130628/tools/compiler/bin/../lib/gcc/arm-none-eabi/7.2.1/../../../../arm-none-eabi/lib/thumb/v7e-m/fpv4-sp/hard\libm.a(lib_a-w_log10.o) (matherr)
c:/users/franc/documents/_hiver 2019/pfe/stm32/sw4stm32/plugins/fr.ac6.mcu.externaltools.arm-none.win32_1.16.0.201807130628/tools/compiler/bin/../lib/gcc/arm-none-eabi/7.2.1/../../../../arm-none-eabi/lib/thumb/v7e-m/fpv4-sp/hard\libm.a(lib_a-s_nan.o)
                              c:/users/franc/documents/_hiver 2019/pfe/stm32/sw4stm32/plugins/fr.ac6.mcu.externaltools.arm-none.win32_1.16.0.201807130628/tools/compiler/bin/../lib/gcc/arm-none-eabi/7.2.1/../../../../arm-none-eabi/lib/thumb/v7e-m/fpv4-sp/hard\libm.a(lib_a-w_log10.o) (nan)
c:/users/franc/documents/_hiver 2019/pfe/stm32/sw4stm32/plugins/fr.ac6.mcu.externaltools.arm-none.win32_1.16.0.201807130628/tools/compiler/bin/../lib/gcc/arm-none-eabi/7.2.1/../../../../arm-none-eabi/lib/thumb/v7e-m/fpv4-sp/hard\libm.a(lib_a-e_log.o)
                              c:/users/franc/documents/_hiver 2019/pfe/stm32/sw4stm32/plugins/fr.ac6.mcu.externaltools.arm-none.win32_1.16.0.201807130628/tools/compiler/bin/../lib/gcc/arm-none-eabi/7.2.1/../../../../arm-none-eabi/lib/thumb/v7e-m/fpv4-sp/hard\libm.a(lib_a-e_log10.o) (__ieee754_log)
c:/users/franc/documents/_hiver 2019/pfe/stm32/sw4stm32/plugins/fr.ac6.mcu.externaltools.arm-none.win32_1.16.0.201807130628/tools/compiler/bin/../lib/gcc/arm-none-eabi/7.2.1/thumb/v7e-m/fpv4-sp/hard\libgcc.a(_arm_addsubdf3.o)
                              Src/stats.o (__aeabi_dsub)
c:/users/franc/documents/_hiver 2019/pfe/stm32/sw4stm32/plugins/fr.ac6.mcu.externaltools.arm-none.win32_1.16.0.201807130628/tools/compiler/bin/../lib/gcc/arm-none-eabi/7.2.1/thumb/v7e-m/fpv4-sp/hard\libgcc.a(_arm_muldivdf3.o)
                              Src/sensors.o (__aeabi_dmul)
[...]
Memory Configuration

Name             Origin             Length             Attributes
RAM              0x20000000         0x00020000         xrw
CCMRAM           0x10000000         0x00010000         rw
FLASH            0x08000000         0x00100000         xr
*default*        0x00000000         0xffffffff

Linker script and memory map

LOAD c:/users/franc/documents/_hiver 2019/pfe/stm32/sw4stm32/plugins/fr.ac6.mcu.externaltools.arm-none.win32_1.16.0.201807130628/tools/compiler/bin/../lib/gcc/arm-none-eabi/7.2.1/thumb/v7e-m/fpv4-sp/hard/crti.o
LOAD c:/users/franc/documents/_hiver 2019/pfe/stm32/sw4stm32/plugins/fr.ac6.mcu.externaltools.arm-none.win32_1.16.0.201807130628/tools/compiler/bin/../lib/gcc/arm-none-eabi/7.2.1/thumb/v7e-m/fpv4-sp/hard/crtbegin.o
LOAD c:/users/franc/documents/_hiver 2019/pfe/stm32/sw4stm32/plugins/fr.ac6.mcu.externaltools.arm-none.win32_1.16.0.201807130628/tools/compiler/bin/../lib/gcc/arm-none-eabi/7.2.1/../../../../arm-none-eabi/lib/thumb/v7e-m/fpv4-sp/hard/crt0.o
LOAD Drivers/STM32F4xx_HAL_Driver/Src/stm32f4xx_hal.o
LOAD Drivers/STM32F4xx_HAL_Driver/Src/stm32f4xx_hal_adc.o
LOAD Drivers/STM32F4xx_HAL_Driver/Src/stm32f4xx_hal_adc_ex.o
LOAD Drivers/STM32F4xx_HAL_Driver/Src/stm32f4xx_hal_cortex.o
LOAD Drivers/STM32F4xx_HAL_Driver/Src/stm32f4xx_hal_dma.o
LOAD Drivers/STM32F4xx_HAL_Driver/Src/stm32f4xx_hal_dma_ex.o
LOAD Drivers/STM32F4xx_HAL_Driver/Src/stm32f4xx_hal_flash.o
LOAD Drivers/STM32F4xx_HAL_Driver/Src/stm32f4xx_hal_flash_ex.o
LOAD Drivers/STM32F4xx_HAL_Driver/Src/stm32f4xx_hal_flash_ramfunc.o
LOAD Drivers/STM32F4xx_HAL_Driver/Src/stm32f4xx_hal_gpio.o
LOAD Drivers/STM32F4xx_HAL_Driver/Src/stm32f4xx_hal_i2c.o
LOAD Drivers/STM32F4xx_HAL_Driver/Src/stm32f4xx_hal_i2c_ex.o
LOAD Drivers/STM32F4xx_HAL_Driver/Src/stm32f4xx_hal_i2s.o
LOAD Drivers/STM32F4xx_HAL_Driver/Src/stm32f4xx_hal_i2s_ex.o
LOAD Drivers/STM32F4xx_HAL_Driver/Src/stm32f4xx_hal_iwdg.o
LOAD Drivers/STM32F4xx_HAL_Driver/Src/stm32f4xx_hal_pcd.o
LOAD Drivers/STM32F4xx_HAL_Driver/Src/stm32f4xx_hal_pcd_ex.o
LOAD Drivers/STM32F4xx_HAL_Driver/Src/stm32f4xx_hal_pwr.o
LOAD Drivers/STM32F4xx_HAL_Driver/Src/stm32f4xx_hal_pwr_ex.o
LOAD Drivers/STM32F4xx_HAL_Driver/Src/stm32f4xx_hal_rcc.o
LOAD Drivers/STM32F4xx_HAL_Driver/Src/stm32f4xx_hal_rcc_ex.o
LOAD Drivers/STM32F4xx_HAL_Driver/Src/stm32f4xx_hal_spi.o
LOAD Drivers/STM32F4xx_HAL_Driver/Src/stm32f4xx_hal_tim.o
LOAD Drivers/STM32F4xx_HAL_Driver/Src/stm32f4xx_hal_tim_ex.o
LOAD Drivers/STM32F4xx_HAL_Driver/Src/stm32f4xx_hal_uart.o
LOAD Drivers/STM32F4xx_HAL_Driver/Src/stm32f4xx_ll_usb.o
LOAD Middlewares/ST/STM32_USB_Device_Library/Class/CDC/Src/usbd_cdc.o
LOAD Middlewares/ST/STM32_USB_Device_Library/Core/Src/usbd_core.o
LOAD Middlewares/ST/STM32_USB_Device_Library/Core/Src/usbd_ctlreq.o
LOAD Middlewares/ST/STM32_USB_Device_Library/Core/Src/usbd_ioreq.o
LOAD Src/ax25.o
LOAD Src/cc112x_spi.o
LOAD Src/cc_rx_init.o
LOAD Src/cc_tx_init.o
LOAD Src/comms_manager.o
LOAD Src/cw.o
LOAD Src/lfsr.o
LOAD Src/main.o
LOAD Src/persistent_mem.o
LOAD Src/pfe_fonctionsUtilisateur.o
LOAD Src/rx_manager.o
LOAD Src/scrambler.o
LOAD Src/sensors.o
LOAD Src/sha256.o
LOAD Src/stats.o
LOAD Src/stm32f4xx_hal_msp.o
LOAD Src/stm32f4xx_it.o
LOAD Src/system_stm32f4xx.o
LOAD Src/tx_manager.o
LOAD Src/usb_device.o
LOAD Src/usbd_cdc_if.o
LOAD Src/usbd_conf.o
LOAD Src/usbd_desc.o
LOAD Src/wod_handling.o
LOAD startup/startup_stm32f407xx.o
LOAD c:/users/franc/documents/_hiver 2019/pfe/stm32/sw4stm32/plugins/fr.ac6.mcu.externaltools.arm-none.win32_1.16.0.201807130628/tools/compiler/bin/../lib/gcc/arm-none-eabi/7.2.1/../../../../arm-none-eabi/lib/thumb/v7e-m/fpv4-sp/hard\libm.a
START GROUP
LOAD c:/users/franc/documents/_hiver 2019/pfe/stm32/sw4stm32/plugins/fr.ac6.mcu.externaltools.arm-none.win32_1.16.0.201807130628/tools/compiler/bin/../lib/gcc/arm-none-eabi/7.2.1/thumb/v7e-m/fpv4-sp/hard\libgcc.a
LOAD c:/users/franc/documents/_hiver 2019/pfe/stm32/sw4stm32/plugins/fr.ac6.mcu.externaltools.arm-none.win32_1.16.0.201807130628/tools/compiler/bin/../lib/gcc/arm-none-eabi/7.2.1/../../../../arm-none-eabi/lib/thumb/v7e-m/fpv4-sp/hard\libc_nano.a
END GROUP
START GROUP
LOAD c:/users/franc/documents/_hiver 2019/pfe/stm32/sw4stm32/plugins/fr.ac6.mcu.externaltools.arm-none.win32_1.16.0.201807130628/tools/compiler/bin/../lib/gcc/arm-none-eabi/7.2.1/thumb/v7e-m/fpv4-sp/hard\libgcc.a
LOAD c:/users/franc/documents/_hiver 2019/pfe/stm32/sw4stm32/plugins/fr.ac6.mcu.externaltools.arm-none.win32_1.16.0.201807130628/tools/compiler/bin/../lib/gcc/arm-none-eabi/7.2.1/../../../../arm-none-eabi/lib/thumb/v7e-m/fpv4-sp/hard\libc_nano.a
LOAD c:/users/franc/documents/_hiver 2019/pfe/stm32/sw4stm32/plugins/fr.ac6.mcu.externaltools.arm-none.win32_1.16.0.201807130628/tools/compiler/bin/../lib/gcc/arm-none-eabi/7.2.1/../../../../arm-none-eabi/lib/thumb/v7e-m/fpv4-sp/hard\libnosys.a
END GROUP
START GROUP
LOAD c:/users/franc/documents/_hiver 2019/pfe/stm32/sw4stm32/plugins/fr.ac6.mcu.externaltools.arm-none.win32_1.16.0.201807130628/tools/compiler/bin/../lib/gcc/arm-none-eabi/7.2.1/thumb/v7e-m/fpv4-sp/hard\libgcc.a
LOAD c:/users/franc/documents/_hiver 2019/pfe/stm32/sw4stm32/plugins/fr.ac6.mcu.externaltools.arm-none.win32_1.16.0.201807130628/tools/compiler/bin/../lib/gcc/arm-none-eabi/7.2.1/../../../../arm-none-eabi/lib/thumb/v7e-m/fpv4-sp/hard\libc_nano.a
LOAD c:/users/franc/documents/_hiver 2019/pfe/stm32/sw4stm32/plugins/fr.ac6.mcu.externaltools.arm-none.win32_1.16.0.201807130628/tools/compiler/bin/../lib/gcc/arm-none-eabi/7.2.1/../../../../arm-none-eabi/lib/thumb/v7e-m/fpv4-sp/hard\libnosys.a
END GROUP
LOAD c:/users/franc/documents/_hiver 2019/pfe/stm32/sw4stm32/plugins/fr.ac6.mcu.externaltools.arm-none.win32_1.16.0.201807130628/tools/compiler/bin/../lib/gcc/arm-none-eabi/7.2.1/thumb/v7e-m/fpv4-sp/hard/crtend.o
LOAD c:/users/franc/documents/_hiver 2019/pfe/stm32/sw4stm32/plugins/fr.ac6.mcu.externaltools.arm-none.win32_1.16.0.201807130628/tools/compiler/bin/../lib/gcc/arm-none-eabi/7.2.1/thumb/v7e-m/fpv4-sp/hard/crtn.o
                0x20020000                _estack = 0x20020000
                0x00002000                _Min_Heap_Size = 0x2000
                0x00004000                _Min_Stack_Size = 0x4000

.isr_vector     0x08000000      0x188
                0x08000000                . = ALIGN (0x4)
 *(.isr_vector)
 .isr_vector    0x08000000      0x188 startup/startup_stm32f407xx.o
                0x08000000                g_pfnVectors
                0x08000188                . = ALIGN (0x4)

.text           0x08000190     0x7ccc
                0x08000190                . = ALIGN (0x4)
 *(.text)
 .text          0x08000190       0x40 c:/users/franc/documents/_hiver 2019/pfe/stm32/sw4stm32/plugins/fr.ac6.mcu.externaltools.arm-none.win32_1.16.0.201807130628/tools/compiler/bin/../lib/gcc/arm-none-eabi/7.2.1/thumb/v7e-m/fpv4-sp/hard/crtbegin.o
 .text          0x080001d0       0x30 c:/users/franc/documents/_hiver 2019/pfe/stm32/sw4stm32/plugins/fr.ac6.mcu.externaltools.arm-none.win32_1.16.0.201807130628/tools/compiler/bin/../lib/gcc/arm-none-eabi/7.2.1/thumb/v7e-m/fpv4-sp/hard\libgcc.a(_aeabi_uldivmod.o)
                0x080001d0                __aeabi_uldivmod
 .text          0x08000200      0x2cc c:/users/franc/documents/_hiver 2019/pfe/stm32/sw4stm32/plugins/fr.ac6.mcu.externaltools.arm-none.win32_1.16.0.201807130628/tools/compiler/bin/../lib/gcc/arm-none-eabi/7.2.1/thumb/v7e-m/fpv4-sp/hard\libgcc.a(_udivmoddi4.o)
                0x08000200                __udivmoddi4
 .text          0x080004cc        0x4 c:/users/franc/documents/_hiver 2019/pfe/stm32/sw4stm32/plugins/fr.ac6.mcu.externaltools.arm-none.win32_1.16.0.201807130628/tools/compiler/bin/../lib/gcc/arm-none-eabi/7.2.1/thumb/v7e-m/fpv4-sp/hard\libgcc.a(_dvmd_tls.o)
                0x080004cc                __aeabi_idiv0
                0x080004cc                __aeabi_ldiv0
 .text          0x080004d0       0x10 c:/users/franc/documents/_hiver 2019/pfe/stm32/sw4stm32/plugins/fr.ac6.mcu.externaltools.arm-none.win32_1.16.0.201807130628/tools/compiler/bin/../lib/gcc/arm-none-eabi/7.2.1/../../../../arm-none-eabi/lib/thumb/v7e-m/fpv4-sp/hard\libc_nano.a(lib_a-strlen.o)
                0x080004d0                strlen
 .text          0x080004e0       0xa0 c:/users/franc/documents/_hiver 2019/pfe/stm32/sw4stm32/plugins/fr.ac6.mcu.externaltools.arm-none.win32_1.16.0.201807130628/tools/compiler/bin/../lib/gcc/arm-none-eabi/7.2.1/../../../../arm-none-eabi/lib/thumb/v7e-m/fpv4-sp/hard\libc_nano.a(lib_a-memchr.o)
                0x080004e0                memchr
 *(.text*)
 .text.HAL_InitTick
                0x08000580       0x28 Drivers/STM32F4xx_HAL_Driver/Src/stm32f4xx_hal.o
                0x08000580                HAL_InitTick
 .text.HAL_Init
                0x080005a8       0x34 Drivers/STM32F4xx_HAL_Driver/Src/stm32f4xx_hal.o
                0x080005a8                HAL_Init
 .text.HAL_IncTick
                0x080005dc       0x10 Drivers/STM32F4xx_HAL_Driver/Src/stm32f4xx_hal.o
                0x080005dc                HAL_IncTick
 .text.HAL_GetTick
                0x080005ec        0xc Drivers/STM32F4xx_HAL_Driver/Src/stm32f4xx_hal.o
                0x080005ec                HAL_GetTick
 .text.HAL_Delay
                0x080005f8       0x1c Drivers/STM32F4xx_HAL_Driver/Src/stm32f4xx_hal.o
                0x080005f8                HAL_Delay
 .text.ADC_Init
                0x08000614      0x13c Drivers/STM32F4xx_HAL_Driver/Src/stm32f4xx_hal_adc.o
 .text.HAL_ADC_MspInit
                0x08000750        0x2 Drivers/STM32F4xx_HAL_Driver/Src/stm32f4xx_hal_adc.o
                0x08000750                HAL_ADC_MspInit
 .text.HAL_ADC_Init
                0x08000752       0x54 Drivers/STM32F4xx_HAL_Driver/Src/stm32f4xx_hal_adc.o
                0x08000752                HAL_ADC_Init
 *fill*         0x080007a6        0x2 
 .text.HAL_ADC_Start_DMA
                0x080007a8      0x144 Drivers/STM32F4xx_HAL_Driver/Src/stm32f4xx_hal_adc.o
                0x080007a8                HAL_ADC_Start_DMA
 .text.HAL_ADC_Stop_DMA
                0x080008ec       0x5e Drivers/STM32F4xx_HAL_Driver/Src/stm32f4xx_hal_adc.o
                0x080008ec                HAL_ADC_Stop_DMA
 .text.HAL_ADC_ConvCpltCallback
                0x0800094a        0x2 Drivers/STM32F4xx_HAL_Driver/Src/stm32f4xx_hal_adc.o
                0x0800094a                HAL_ADC_ConvCpltCallback
 .text.ADC_DMAConvCplt
                0x0800094c       0x62 Drivers/STM32F4xx_HAL_Driver/Src/stm32f4xx_hal_adc.o
 .text.HAL_ADC_ConvHalfCpltCallback
                0x080009ae        0x2 Drivers/STM32F4xx_HAL_Driver/Src/stm32f4xx_hal_adc.o
                0x080009ae                HAL_ADC_ConvHalfCpltCallback
 .text.ADC_DMAHalfConvCplt
                0x080009b0        0xa Drivers/STM32F4xx_HAL_Driver/Src/stm32f4xx_hal_adc.o
 .text.HAL_ADC_ErrorCallback
                0x080009ba        0x2 Drivers/STM32F4xx_HAL_Driver/Src/stm32f4xx_hal_adc.o
                0x080009ba                HAL_ADC_ErrorCallback
 .text.ADC_DMAError
                0x080009bc       0x16 Drivers/STM32F4xx_HAL_Driver/Src/stm32f4xx_hal_adc.o
 *fill*         0x080009d2        0x2 
 .text.HAL_ADC_ConfigChannel
                0x080009d4      0x190 Drivers/STM32F4xx_HAL_Driver/Src/stm32f4xx_hal_adc.o
                0x080009d4                HAL_ADC_ConfigChannel
 .text.HAL_NVIC_SetPriorityGrouping
                0x08000b64       0x24 Drivers/STM32F4xx_HAL_Driver/Src/stm32f4xx_hal_cortex.o
                0x08000b64                HAL_NVIC_SetPriorityGrouping
 .text.HAL_NVIC_SetPriority
                0x08000b88       0x68 Drivers/STM32F4xx_HAL_Driver/Src/stm32f4xx_hal_cortex.o
                0x08000b88                HAL_NVIC_SetPriority
 .text.HAL_NVIC_EnableIRQ
                0x08000bf0       0x18 Drivers/STM32F4xx_HAL_Driver/Src/stm32f4xx_hal_cortex.o
                0x08000bf0                HAL_NVIC_EnableIRQ
 .text.HAL_SYSTICK_Config
                0x08000c08       0x2c Drivers/STM32F4xx_HAL_Driver/Src/stm32f4xx_hal_cortex.o
                0x08000c08                HAL_SYSTICK_Config
 .text.HAL_SYSTICK_CLKSourceConfig
                0x08000c34       0x20 Drivers/STM32F4xx_HAL_Driver/Src/stm32f4xx_hal_cortex.o
                0x08000c34                HAL_SYSTICK_CLKSourceConfig
 .text.HAL_SYSTICK_Callback
                0x08000c54        0x2 Drivers/STM32F4xx_HAL_Driver/Src/stm32f4xx_hal_cortex.o
                0x08000c54                HAL_SYSTICK_Callback
 .text.HAL_SYSTICK_IRQHandler
                0x08000c56        0x8 Drivers/STM32F4xx_HAL_Driver/Src/stm32f4xx_hal_cortex.o
                0x08000c56                HAL_SYSTICK_IRQHandler
 .text.DMA_SetConfig
                0x08000c5e       0x2c Drivers/STM32F4xx_HAL_Driver/Src/stm32f4xx_hal_dma.o
 .text.HAL_DMA_Start_IT
                0x08000c8a       0x4e Drivers/STM32F4xx_HAL_Driver/Src/stm32f4xx_hal_dma.o
                0x08000c8a                HAL_DMA_Start_IT
 .text.HAL_DMA_Abort
                0x08000cd8       0x4e Drivers/STM32F4xx_HAL_Driver/Src/stm32f4xx_hal_dma.o
                0x08000cd8                HAL_DMA_Abort
 *fill*         0x08000d26        0x2 
 .text.HAL_GPIO_Init
                0x08000d28      0x1d4 Drivers/STM32F4xx_HAL_Driver/Src/stm32f4xx_hal_gpio.o
                0x08000d28                HAL_GPIO_Init
 .text.HAL_GPIO_WritePin
                0x08000efc        0xc Drivers/STM32F4xx_HAL_Driver/Src/stm32f4xx_hal_gpio.o
                0x08000efc                HAL_GPIO_WritePin
 .text.HAL_I2C_Init
                0x08000f08      0x11c Drivers/STM32F4xx_HAL_Driver/Src/stm32f4xx_hal_i2c.o
                0x08000f08                HAL_I2C_Init
 .text.HAL_I2S_TxCpltCallback
                0x08001024        0x2 Drivers/STM32F4xx_HAL_Driver/Src/stm32f4xx_hal_i2s.o
                0x08001024                HAL_I2S_TxCpltCallback
 .text.I2S_Transmit_IT
                0x08001026       0x38 Drivers/STM32F4xx_HAL_Driver/Src/stm32f4xx_hal_i2s.o
 .text.HAL_I2S_RxCpltCallback
                0x0800105e        0x2 Drivers/STM32F4xx_HAL_Driver/Src/stm32f4xx_hal_i2s.o
                0x0800105e                HAL_I2S_RxCpltCallback
 .text.I2S_Receive_IT
                0x08001060       0x38 Drivers/STM32F4xx_HAL_Driver/Src/stm32f4xx_hal_i2s.o
 .text.HAL_I2S_ErrorCallback
                0x08001098        0x2 Drivers/STM32F4xx_HAL_Driver/Src/stm32f4xx_hal_i2s.o
                0x08001098                HAL_I2S_ErrorCallback
 *fill*         0x0800109a        0x2 
 .text.HAL_I2S_Init
                0x0800109c      0x194 Drivers/STM32F4xx_HAL_Driver/Src/stm32f4xx_hal_i2s.o
                0x0800109c                HAL_I2S_Init
 .text.I2S_IRQHandler
                0x08001230       0xd8 Drivers/STM32F4xx_HAL_Driver/Src/stm32f4xx_hal_i2s.o
 .text.HAL_I2SEx_TxRxCpltCallback
                0x08001308        0x2 Drivers/STM32F4xx_HAL_Driver/Src/stm32f4xx_hal_i2s_ex.o
                0x08001308                HAL_I2SEx_TxRxCpltCallback
 *fill*         0x0800130a        0x2 
 .text.I2SEx_FullDuplexTx_IT
                0x0800130c       0xa0 Drivers/STM32F4xx_HAL_Driver/Src/stm32f4xx_hal_i2s_ex.o
 .text.I2SEx_FullDuplexRx_IT
                0x080013ac       0xa0 Drivers/STM32F4xx_HAL_Driver/Src/stm32f4xx_hal_i2s_ex.o
 .text.HAL_I2SEx_FullDuplex_IRQHandler
                0x0800144c      0x208 Drivers/STM32F4xx_HAL_Driver/Src/stm32f4xx_hal_i2s_ex.o
                0x0800144c                HAL_I2SEx_FullDuplex_IRQHandler
 .text.HAL_IWDG_MspInit
                0x08001654        0x2 Drivers/STM32F4xx_HAL_Driver/Src/stm32f4xx_hal_iwdg.o
                0x08001654                HAL_IWDG_MspInit
 .text.HAL_IWDG_Init
                0x08001656       0x4a Drivers/STM32F4xx_HAL_Driver/Src/stm32f4xx_hal_iwdg.o
                0x08001656                HAL_IWDG_Init
 .text.HAL_IWDG_Start
                0x080016a0       0x2a Drivers/STM32F4xx_HAL_Driver/Src/stm32f4xx_hal_iwdg.o
                0x080016a0                HAL_IWDG_Start
 .text.HAL_IWDG_Refresh
                0x080016ca       0x4c Drivers/STM32F4xx_HAL_Driver/Src/stm32f4xx_hal_iwdg.o
                0x080016ca                HAL_IWDG_Refresh
 .text.PCD_WriteEmptyTxFifo
                0x08001716       0xac Drivers/STM32F4xx_HAL_Driver/Src/stm32f4xx_hal_pcd.o
 .text.HAL_PCD_Init
                0x080017c2       0xe0 Drivers/STM32F4xx_HAL_Driver/Src/stm32f4xx_hal_pcd.o
                0x080017c2                HAL_PCD_Init
 .text.HAL_PCD_Start
                0x080018a2       0x2a Drivers/STM32F4xx_HAL_Driver/Src/stm32f4xx_hal_pcd.o
                0x080018a2                HAL_PCD_Start
 .text.HAL_PCD_IRQHandler
                0x080018cc      0x5c4 Drivers/STM32F4xx_HAL_Driver/Src/stm32f4xx_hal_pcd.o
                0x080018cc                HAL_PCD_IRQHandler
 .text.HAL_PCD_SetAddress
                0x08001e90       0x24 Drivers/STM32F4xx_HAL_Driver/Src/stm32f4xx_hal_pcd.o
                0x08001e90                HAL_PCD_SetAddress
 .text.HAL_PCD_EP_Open
                0x08001eb4       0x68 Drivers/STM32F4xx_HAL_Driver/Src/stm32f4xx_hal_pcd.o
                0x08001eb4                HAL_PCD_EP_Open
 .text.HAL_PCD_EP_Close
                0x08001f1c       0x56 Drivers/STM32F4xx_HAL_Driver/Src/stm32f4xx_hal_pcd.o
                0x08001f1c                HAL_PCD_EP_Close
 .text.HAL_PCD_EP_Receive
                0x08001f72       0x5a Drivers/STM32F4xx_HAL_Driver/Src/stm32f4xx_hal_pcd.o
                0x08001f72                HAL_PCD_EP_Receive
 .text.HAL_PCD_EP_GetRxCount
                0x08001fcc       0x12 Drivers/STM32F4xx_HAL_Driver/Src/stm32f4xx_hal_pcd.o
                0x08001fcc                HAL_PCD_EP_GetRxCount
 .text.HAL_PCD_EP_Transmit
                0x08001fde       0x52 Drivers/STM32F4xx_HAL_Driver/Src/stm32f4xx_hal_pcd.o
                0x08001fde                HAL_PCD_EP_Transmit
 .text.HAL_PCD_EP_SetStall
                0x08002030       0x66 Drivers/STM32F4xx_HAL_Driver/Src/stm32f4xx_hal_pcd.o
                0x08002030                HAL_PCD_EP_SetStall
 .text.HAL_PCD_EP_ClrStall
                0x08002096       0x56 Drivers/STM32F4xx_HAL_Driver/Src/stm32f4xx_hal_pcd.o
                0x08002096                HAL_PCD_EP_ClrStall
 .text.HAL_PCDEx_SetTxFiFo
                0x080020ec       0x48 Drivers/STM32F4xx_HAL_Driver/Src/stm32f4xx_hal_pcd_ex.o
                0x080020ec                HAL_PCDEx_SetTxFiFo
 .text.HAL_PCDEx_SetRxFiFo
                0x08002134        0x8 Drivers/STM32F4xx_HAL_Driver/Src/stm32f4xx_hal_pcd_ex.o
                0x08002134                HAL_PCDEx_SetRxFiFo
 .text.HAL_RCC_OscConfig
                0x0800213c      0x398 Drivers/STM32F4xx_HAL_Driver/Src/stm32f4xx_hal_rcc.o
                0x0800213c                HAL_RCC_OscConfig
 .text.HAL_RCC_GetSysClockFreq
                0x080024d4       0xd8 Drivers/STM32F4xx_HAL_Driver/Src/stm32f4xx_hal_rcc.o
                0x080024d4                HAL_RCC_GetSysClockFreq
 .text.HAL_RCC_ClockConfig
                0x080025ac      0x158 Drivers/STM32F4xx_HAL_Driver/Src/stm32f4xx_hal_rcc.o
                0x080025ac                HAL_RCC_ClockConfig
 .text.HAL_RCC_GetHCLKFreq
                0x08002704        0xc Drivers/STM32F4xx_HAL_Driver/Src/stm32f4xx_hal_rcc.o
                0x08002704                HAL_RCC_GetHCLKFreq
 .text.HAL_RCC_GetPCLK1Freq
                0x08002710       0x20 Drivers/STM32F4xx_HAL_Driver/Src/stm32f4xx_hal_rcc.o
                0x08002710                HAL_RCC_GetPCLK1Freq
 .text.HAL_RCC_GetPCLK2Freq
                0x08002730       0x20 Drivers/STM32F4xx_HAL_Driver/Src/stm32f4xx_hal_rcc.o
                0x08002730                HAL_RCC_GetPCLK2Freq
 .text.HAL_RCCEx_PeriphCLKConfig
                0x08002750      0x154 Drivers/STM32F4xx_HAL_Driver/Src/stm32f4xx_hal_rcc_ex.o
                0x08002750                HAL_RCCEx_PeriphCLKConfig
 .text.HAL_RCCEx_GetPeriphCLKFreq
                0x080028a4       0x74 Drivers/STM32F4xx_HAL_Driver/Src/stm32f4xx_hal_rcc_ex.o
                0x080028a4                HAL_RCCEx_GetPeriphCLKFreq
 .text.SPI_WaitFlagStateUntilTimeout
                0x08002918       0x8a Drivers/STM32F4xx_HAL_Driver/Src/stm32f4xx_hal_spi.o
 .text.SPI_CheckFlag_BSY
                0x080029a2       0x28 Drivers/STM32F4xx_HAL_Driver/Src/stm32f4xx_hal_spi.o
 .text.HAL_SPI_Init
                0x080029ca       0x8c Drivers/STM32F4xx_HAL_Driver/Src/stm32f4xx_hal_spi.o
                0x080029ca                HAL_SPI_Init
 .text.HAL_SPI_TransmitReceive
                0x08002a56      0x250 Drivers/STM32F4xx_HAL_Driver/Src/stm32f4xx_hal_spi.o
                0x08002a56                HAL_SPI_TransmitReceive
 *fill*         0x08002ca6        0x2 
 .text.UART_SetConfig
                0x08002ca8      0x334 Drivers/STM32F4xx_HAL_Driver/Src/stm32f4xx_hal_uart.o
 .text.HAL_UART_MspInit
                0x08002fdc        0x2 Drivers/STM32F4xx_HAL_Driver/Src/stm32f4xx_hal_uart.o
                0x08002fdc                HAL_UART_MspInit
 .text.HAL_UART_Init
                0x08002fde       0x5e Drivers/STM32F4xx_HAL_Driver/Src/stm32f4xx_hal_uart.o
                0x08002fde                HAL_UART_Init
 .text.USB_CoreInit
                0x0800303c       0x7c Drivers/STM32F4xx_HAL_Driver/Src/stm32f4xx_ll_usb.o
                0x0800303c                USB_CoreInit
 .text.USB_EnableGlobalInt
                0x080030b8        0xc Drivers/STM32F4xx_HAL_Driver/Src/stm32f4xx_ll_usb.o
                0x080030b8                USB_EnableGlobalInt
 .text.USB_DisableGlobalInt
                0x080030c4        0xc Drivers/STM32F4xx_HAL_Driver/Src/stm32f4xx_ll_usb.o
                0x080030c4                USB_DisableGlobalInt
 .text.USB_SetCurrentMode
                0x080030d0       0x2c Drivers/STM32F4xx_HAL_Driver/Src/stm32f4xx_ll_usb.o
                0x080030d0                USB_SetCurrentMode
 .text.USB_DevInit
                0x080030fc      0x150 Drivers/STM32F4xx_HAL_Driver/Src/stm32f4xx_ll_usb.o
                0x080030fc                USB_DevInit
 .text.USB_FlushTxFifo
                0x0800324c       0x28 Drivers/STM32F4xx_HAL_Driver/Src/stm32f4xx_ll_usb.o
                0x0800324c                USB_FlushTxFifo
 .text.USB_FlushRxFifo
                0x08003274       0x24 Drivers/STM32F4xx_HAL_Driver/Src/stm32f4xx_ll_usb.o
                0x08003274                USB_FlushRxFifo
 .text.USB_SetDevSpeed
                0x08003298        0xe Drivers/STM32F4xx_HAL_Driver/Src/stm32f4xx_ll_usb.o
                0x08003298                USB_SetDevSpeed
 .text.USB_GetDevSpeed
                0x080032a6       0x40 Drivers/STM32F4xx_HAL_Driver/Src/stm32f4xx_ll_usb.o
                0x080032a6                USB_GetDevSpeed
 .text.USB_ActivateEndpoint
                0x080032e6       0x92 Drivers/STM32F4xx_HAL_Driver/Src/stm32f4xx_ll_usb.o
                0x080032e6                USB_ActivateEndpoint
 .text.USB_DeactivateEndpoint
                0x08003378       0xf0 Drivers/STM32F4xx_HAL_Driver/Src/stm32f4xx_ll_usb.o
                0x08003378                USB_DeactivateEndpoint
 .text.USB_EPStartXfer
                0x08003468      0x264 Drivers/STM32F4xx_HAL_Driver/Src/stm32f4xx_ll_usb.o
                0x08003468                USB_EPStartXfer
 .text.USB_EP0StartXfer
                0x080036cc      0x160 Drivers/STM32F4xx_HAL_Driver/Src/stm32f4xx_ll_usb.o
                0x080036cc                USB_EP0StartXfer
 .text.USB_WritePacket
                0x0800382c       0x28 Drivers/STM32F4xx_HAL_Driver/Src/stm32f4xx_ll_usb.o
                0x0800382c                USB_WritePacket
 .text.USB_ReadPacket
                0x08003854       0x28 Drivers/STM32F4xx_HAL_Driver/Src/stm32f4xx_ll_usb.o
                0x08003854                USB_ReadPacket
 .text.USB_EPSetStall
                0x0800387c       0x64 Drivers/STM32F4xx_HAL_Driver/Src/stm32f4xx_ll_usb.o
                0x0800387c                USB_EPSetStall
 .text.USB_EPClearStall
                0x080038e0       0x6a Drivers/STM32F4xx_HAL_Driver/Src/stm32f4xx_ll_usb.o
                0x080038e0                USB_EPClearStall
 .text.USB_SetDevAddress
                0x0800394a       0x20 Drivers/STM32F4xx_HAL_Driver/Src/stm32f4xx_ll_usb.o
                0x0800394a                USB_SetDevAddress
 .text.USB_DevConnect
                0x0800396a       0x18 Drivers/STM32F4xx_HAL_Driver/Src/stm32f4xx_ll_usb.o
                0x0800396a                USB_DevConnect
 .text.USB_DevDisconnect
                0x08003982       0x18 Drivers/STM32F4xx_HAL_Driver/Src/stm32f4xx_ll_usb.o
                0x08003982                USB_DevDisconnect
 .text.USB_ReadInterrupts
                0x0800399a        0x8 Drivers/STM32F4xx_HAL_Driver/Src/stm32f4xx_ll_usb.o
                0x0800399a                USB_ReadInterrupts
 .text.USB_ReadDevAllOutEpInterrupt
                0x080039a2       0x10 Drivers/STM32F4xx_HAL_Driver/Src/stm32f4xx_ll_usb.o
                0x080039a2                USB_ReadDevAllOutEpInterrupt
 .text.USB_ReadDevAllInEpInterrupt
                0x080039b2       0x10 Drivers/STM32F4xx_HAL_Driver/Src/stm32f4xx_ll_usb.o
                0x080039b2                USB_ReadDevAllInEpInterrupt
 .text.USB_ReadDevOutEPInterrupt
                0x080039c2       0x12 Drivers/STM32F4xx_HAL_Driver/Src/stm32f4xx_ll_usb.o
                0x080039c2                USB_ReadDevOutEPInterrupt
 .text.USB_ReadDevInEPInterrupt
                0x080039d4       0x24 Drivers/STM32F4xx_HAL_Driver/Src/stm32f4xx_ll_usb.o
                0x080039d4                USB_ReadDevInEPInterrupt
 .text.USB_GetMode
                0x080039f8        0x8 Drivers/STM32F4xx_HAL_Driver/Src/stm32f4xx_ll_usb.o
                0x080039f8                USB_GetMode
 .text.USB_ActivateSetup
                0x08003a00       0x38 Drivers/STM32F4xx_HAL_Driver/Src/stm32f4xx_ll_usb.o
                0x08003a00                USB_ActivateSetup
 .text.USB_EP0_OutStart
                0x08003a38       0x46 Drivers/STM32F4xx_HAL_Driver/Src/stm32f4xx_ll_usb.o
                0x08003a38                USB_EP0_OutStart
 *fill*         0x08003a7e        0x2 
 .text.USB_CoreReset
                0x08003a80       0x3c Drivers/STM32F4xx_HAL_Driver/Src/stm32f4xx_ll_usb.o
 .text.USBD_CDC_DataIn
                0x08003abc       0x12 Middlewares/ST/STM32_USB_Device_Library/Class/CDC/Src/usbd_cdc.o
 .text.USBD_CDC_EP0_RxReady
                0x08003ace       0x28 Middlewares/ST/STM32_USB_Device_Library/Class/CDC/Src/usbd_cdc.o
 *fill*         0x08003af6        0x2 
 .text.USBD_CDC_GetFSCfgDesc
                0x08003af8        0xc Middlewares/ST/STM32_USB_Device_Library/Class/CDC/Src/usbd_cdc.o
 .text.USBD_CDC_GetHSCfgDesc
                0x08003b04        0xc Middlewares/ST/STM32_USB_Device_Library/Class/CDC/Src/usbd_cdc.o
 .text.USBD_CDC_GetOtherSpeedCfgDesc
                0x08003b10        0xc Middlewares/ST/STM32_USB_Device_Library/Class/CDC/Src/usbd_cdc.o
 .text.USBD_CDC_GetDeviceQualifierDescriptor
                0x08003b1c        0xc Middlewares/ST/STM32_USB_Device_Library/Class/CDC/Src/usbd_cdc.o
                0x08003b1c                USBD_CDC_GetDeviceQualifierDescriptor
 .text.USBD_CDC_DataOut
                0x08003b28       0x2e Middlewares/ST/STM32_USB_Device_Library/Class/CDC/Src/usbd_cdc.o
 *fill*         0x08003b56        0x2 
 .text.USBD_CDC_Setup
                0x08003b58       0x74 Middlewares/ST/STM32_USB_Device_Library/Class/CDC/Src/usbd_cdc.o
 .text.USBD_CDC_DeInit
                0x08003bcc       0x3a Middlewares/ST/STM32_USB_Device_Library/Class/CDC/Src/usbd_cdc.o
 .text.USBD_CDC_Init
                0x08003c06       0x96 Middlewares/ST/STM32_USB_Device_Library/Class/CDC/Src/usbd_cdc.o
 .text.USBD_CDC_RegisterInterface
                0x08003c9c        0xe Middlewares/ST/STM32_USB_Device_Library/Class/CDC/Src/usbd_cdc.o
                0x08003c9c                USBD_CDC_RegisterInterface
 .text.USBD_CDC_SetTxBuffer
                0x08003caa       0x10 Middlewares/ST/STM32_USB_Device_Library/Class/CDC/Src/usbd_cdc.o
                0x08003caa                USBD_CDC_SetTxBuffer
 .text.USBD_CDC_SetRxBuffer
                0x08003cba        0xc Middlewares/ST/STM32_USB_Device_Library/Class/CDC/Src/usbd_cdc.o
                0x08003cba                USBD_CDC_SetRxBuffer
 .text.USBD_CDC_TransmitPacket
                0x08003cc6       0x2e Middlewares/ST/STM32_USB_Device_Library/Class/CDC/Src/usbd_cdc.o
                0x08003cc6                USBD_CDC_TransmitPacket
 .text.USBD_CDC_ReceivePacket
                0x08003cf4       0x32 Middlewares/ST/STM32_USB_Device_Library/Class/CDC/Src/usbd_cdc.o
                0x08003cf4                USBD_CDC_ReceivePacket
 .text.USBD_Init
                0x08003d26       0x2e Middlewares/ST/STM32_USB_Device_Library/Core/Src/usbd_core.o
                0x08003d26                USBD_Init
 .text.USBD_RegisterClass
                0x08003d54        0xe Middlewares/ST/STM32_USB_Device_Library/Core/Src/usbd_core.o
                0x08003d54                USBD_RegisterClass
 .text.USBD_Start
                0x08003d62        0xa Middlewares/ST/STM32_USB_Device_Library/Core/Src/usbd_core.o
                0x08003d62                USBD_Start
 .text.USBD_SetClassConfig
                0x08003d6c       0x1a Middlewares/ST/STM32_USB_Device_Library/Core/Src/usbd_core.o
                0x08003d6c                USBD_SetClassConfig
 .text.USBD_ClrClassConfig
                0x08003d86        0xe Middlewares/ST/STM32_USB_Device_Library/Core/Src/usbd_core.o
                0x08003d86                USBD_ClrClassConfig
 .text.USBD_LL_SetupStage
                0x08003d94       0x5a Middlewares/ST/STM32_USB_Device_Library/Core/Src/usbd_core.o
                0x08003d94                USBD_LL_SetupStage
 .text.USBD_LL_DataOutStage
                0x08003dee       0x6a Middlewares/ST/STM32_USB_Device_Library/Core/Src/usbd_core.o
                0x08003dee                USBD_LL_DataOutStage
 .text.USBD_LL_DataInStage
                0x08003e58       0xb0 Middlewares/ST/STM32_USB_Device_Library/Core/Src/usbd_core.o
                0x08003e58                USBD_LL_DataInStage
 .text.USBD_LL_Reset
                0x08003f08       0x3e Middlewares/ST/STM32_USB_Device_Library/Core/Src/usbd_core.o
                0x08003f08                USBD_LL_Reset
 .text.USBD_LL_SetSpeed
                0x08003f46        0x6 Middlewares/ST/STM32_USB_Device_Library/Core/Src/usbd_core.o
                0x08003f46                USBD_LL_SetSpeed
 .text.USBD_LL_Suspend
                0x08003f4c       0x12 Middlewares/ST/STM32_USB_Device_Library/Core/Src/usbd_core.o
                0x08003f4c                USBD_LL_Suspend
 .text.USBD_LL_Resume
                0x08003f5e        0xc Middlewares/ST/STM32_USB_Device_Library/Core/Src/usbd_core.o
                0x08003f5e                USBD_LL_Resume
 .text.USBD_LL_SOF
                0x08003f6a       0x1c Middlewares/ST/STM32_USB_Device_Library/Core/Src/usbd_core.o
                0x08003f6a                USBD_LL_SOF
 .text.USBD_LL_IsoINIncomplete
                0x08003f86        0x4 Middlewares/ST/STM32_USB_Device_Library/Core/Src/usbd_core.o
                0x08003f86                USBD_LL_IsoINIncomplete
 .text.USBD_LL_IsoOUTIncomplete
                0x08003f8a        0x4 Middlewares/ST/STM32_USB_Device_Library/Core/Src/usbd_core.o
                0x08003f8a                USBD_LL_IsoOUTIncomplete
 .text.USBD_LL_DevConnected
                0x08003f8e        0x4 Middlewares/ST/STM32_USB_Device_Library/Core/Src/usbd_core.o
                0x08003f8e                USBD_LL_DevConnected
 .text.USBD_LL_DevDisconnected
                0x08003f92       0x16 Middlewares/ST/STM32_USB_Device_Library/Core/Src/usbd_core.o
                0x08003f92                USBD_LL_DevDisconnected
 .text.USBD_GetLen
                0x08003fa8       0x14 Middlewares/ST/STM32_USB_Device_Library/Core/Src/usbd_ctlreq.o
 .text.USBD_SetFeature
                0x08003fbc       0x20 Middlewares/ST/STM32_USB_Device_Library/Core/Src/usbd_ctlreq.o
 .text.USBD_ParseSetupRequest
                0x08003fdc       0x28 Middlewares/ST/STM32_USB_Device_Library/Core/Src/usbd_ctlreq.o
                0x08003fdc                USBD_ParseSetupRequest
 .text.USBD_CtlError
                0x08004004       0x14 Middlewares/ST/STM32_USB_Device_Library/Core/Src/usbd_ctlreq.o
                0x08004004                USBD_CtlError
 .text.USBD_GetDescriptor
                0x08004018      0x132 Middlewares/ST/STM32_USB_Device_Library/Core/Src/usbd_ctlreq.o
 .text.USBD_SetAddress
                0x0800414a       0x4a Middlewares/ST/STM32_USB_Device_Library/Core/Src/usbd_ctlreq.o
 .text.USBD_SetConfig
                0x08004194       0xa4 Middlewares/ST/STM32_USB_Device_Library/Core/Src/usbd_ctlreq.o
 .text.USBD_GetConfig
                0x08004238       0x3a Middlewares/ST/STM32_USB_Device_Library/Core/Src/usbd_ctlreq.o
 .text.USBD_GetStatus
                0x08004272       0x2c Middlewares/ST/STM32_USB_Device_Library/Core/Src/usbd_ctlreq.o
 .text.USBD_ClrFeature
                0x0800429e       0x30 Middlewares/ST/STM32_USB_Device_Library/Core/Src/usbd_ctlreq.o
 .text.USBD_StdDevReq
                0x080042ce       0x48 Middlewares/ST/STM32_USB_Device_Library/Core/Src/usbd_ctlreq.o
                0x080042ce                USBD_StdDevReq
 .text.USBD_StdItfReq
                0x08004316       0x38 Middlewares/ST/STM32_USB_Device_Library/Core/Src/usbd_ctlreq.o
                0x08004316                USBD_StdItfReq
 .text.USBD_StdEPReq
                0x0800434e      0x118 Middlewares/ST/STM32_USB_Device_Library/Core/Src/usbd_ctlreq.o
                0x0800434e                USBD_StdEPReq
 .text.USBD_GetString
                0x08004466       0x3a Middlewares/ST/STM32_USB_Device_Library/Core/Src/usbd_ctlreq.o
                0x08004466                USBD_GetString
 .text.USBD_CtlSendData
                0x080044a0       0x1a Middlewares/ST/STM32_USB_Device_Library/Core/Src/usbd_ioreq.o
                0x080044a0                USBD_CtlSendData
 .text.USBD_CtlContinueSendData
                0x080044ba       0x10 Middlewares/ST/STM32_USB_Device_Library/Core/Src/usbd_ioreq.o
                0x080044ba                USBD_CtlContinueSendData
 .text.USBD_CtlPrepareRx
                0x080044ca       0x1e Middlewares/ST/STM32_USB_Device_Library/Core/Src/usbd_ioreq.o
                0x080044ca                USBD_CtlPrepareRx
 .text.USBD_CtlContinueRx
                0x080044e8       0x10 Middlewares/ST/STM32_USB_Device_Library/Core/Src/usbd_ioreq.o
                0x080044e8                USBD_CtlContinueRx
 .text.USBD_CtlSendStatus
                0x080044f8       0x16 Middlewares/ST/STM32_USB_Device_Library/Core/Src/usbd_ioreq.o
                0x080044f8                USBD_CtlSendStatus
 .text.USBD_CtlReceiveStatus
                0x0800450e       0x16 Middlewares/ST/STM32_USB_Device_Library/Core/Src/usbd_ioreq.o
                0x0800450e                USBD_CtlReceiveStatus
 .text.ax25_fcs
                0x08004524       0x30 Src/ax25.o
                0x08004524                ax25_fcs
 .text.ax25_create_addr_field
                0x08004554       0x8c Src/ax25.o
                0x08004554                ax25_create_addr_field
 .text.ax25_prepare_frame
                0x080045e0       0xa4 Src/ax25.o
                0x080045e0                ax25_prepare_frame
 .text.ax25_bit_stuffing
                0x08004684       0x84 Src/ax25.o
                0x08004684                ax25_bit_stuffing
 .text.ax25_decode
                0x08004708      0x146 Src/ax25.o
                0x08004708                ax25_decode
 *fill*         0x0800484e        0x2 
 .text.ax25_send
                0x08004850       0xfc Src/ax25.o
                0x08004850                ax25_send
 .text.ax25_recv
                0x0800494c       0x50 Src/ax25.o
                0x0800494c                ax25_recv
 .text.ax25_check_dest_callsign
                0x0800499c       0x3c Src/ax25.o
                0x0800499c                ax25_check_dest_callsign
 .text.ax25_extract_payload
                0x080049d8       0x50 Src/ax25.o
                0x080049d8                ax25_extract_payload
 .text.ax25_rx_reset
                0x08004a28       0x1c Src/ax25.o
                0x08004a28                ax25_rx_reset
 .text.cc_tx_rd_reg
                0x08004a44       0x7c Src/cc112x_spi.o
                0x08004a44                cc_tx_rd_reg
 .text.cc_tx_wr_reg
                0x08004ac0       0x90 Src/cc112x_spi.o
                0x08004ac0                cc_tx_wr_reg
 .text.cc_tx_cmd
                0x08004b50       0x48 Src/cc112x_spi.o
                0x08004b50                cc_tx_cmd
 .text.cc_tx_spi_write_fifo
                0x08004b98       0x84 Src/cc112x_spi.o
                0x08004b98                cc_tx_spi_write_fifo
 .text.cc_tx_cw
                0x08004c1c       0x88 Src/cc112x_spi.o
                0x08004c1c                cc_tx_cw
 .text.cc_tx_data_continuous
                0x08004ca4      0x224 Src/cc112x_spi.o
                0x08004ca4                cc_tx_data_continuous
 .text.cc_rx_rd_reg
                0x08004ec8       0xc8 Src/cc112x_spi.o
                0x08004ec8                cc_rx_rd_reg
 .text.cc_rx_spi_read_fifo
                0x08004f90       0xbc Src/cc112x_spi.o
                0x08004f90                cc_rx_spi_read_fifo
 .text.cc_rx_cmd
                0x0800504c       0x90 Src/cc112x_spi.o
                0x0800504c                cc_rx_cmd
 .text.cc_rx_check_fifo_status
                0x080050dc       0x50 Src/cc112x_spi.o
                0x080050dc                cc_rx_check_fifo_status
 .text.cc_rx_data_packet
                0x0800512c      0x1f0 Src/cc112x_spi.o
                0x0800512c                cc_rx_data_packet
 .text.tx_registerConfig
                0x0800531c       0x28 Src/cc_tx_init.o
                0x0800531c                tx_registerConfig
 .text.tx_cw_registerConfig
                0x08005344       0x2c Src/cc_tx_init.o
                0x08005344                tx_cw_registerConfig
 .text.tx_manualCalibration
                0x08005370      0x10e Src/cc_tx_init.o
                0x08005370                tx_manualCalibration
 .text.is_tx_enabled
                0x0800547e        0x4 Src/comms_manager.o
                0x0800547e                is_tx_enabled
 *fill*         0x08005482        0x2 
 .text.is_cmd_ctrl_enabled
                0x08005484       0x30 Src/comms_manager.o
                0x08005484                is_cmd_ctrl_enabled
 .text.set_cmd_and_ctrl_period
                0x080054b4       0x14 Src/comms_manager.o
                0x080054b4                set_cmd_and_ctrl_period
 .text.recv_payload
                0x080054c8      0x138 Src/comms_manager.o
                0x080054c8                recv_payload
 .text.send_payload
                0x08005600       0x74 Src/comms_manager.o
                0x08005600                send_payload
 .text.send_payload_cw
                0x08005674       0x28 Src/comms_manager.o
                0x08005674                send_payload_cw
 .text.send_cw_beacon
                0x0800569c       0x94 Src/comms_manager.o
                0x0800569c                send_cw_beacon
 .text.comms_routine_dispatcher
                0x08005730      0x190 Src/comms_manager.o
                0x08005730                comms_routine_dispatcher
 .text.cw_encode
                0x080058c0       0x80 Src/cw.o
                0x080058c0                cw_encode
 .text.cw_get_uptime_hours_char
                0x08005940       0xd6 Src/cw.o
                0x08005940                cw_get_uptime_hours_char
 .text.cw_get_uptime_mins_char
                0x08005a16       0xd2 Src/cw.o
                0x08005a16                cw_get_uptime_mins_char
 .text.cw_get_temp_char
                0x08005ae8      0x204 Src/cw.o
                0x08005ae8                cw_get_temp_char
 .text.cw_get_cont_errors_char
                0x08005cec       0x40 Src/cw.o
                0x08005cec                cw_get_cont_errors_char
 .text.cw_get_bat_voltage_char
                0x08005d2c      0x13e Src/cw.o
                0x08005d2c                cw_get_bat_voltage_char
 .text.cw_get_bat_current_char
                0x08005e6a      0x10c Src/cw.o
                0x08005e6a                cw_get_bat_current_char
 .text.cw_get_last_error_char
                0x08005f76       0xba Src/cw.o
                0x08005f76                cw_get_last_error_char
 .text.lfsr_init
                0x08006030       0x24 Src/lfsr.o
                0x08006030                lfsr_init
 .text.lfsr_next_bit_scramble
                0x08006054       0x48 Src/lfsr.o
                0x08006054                lfsr_next_bit_scramble
 .text.lfsr_reset
                0x0800609c       0x10 Src/lfsr.o
                0x0800609c                lfsr_reset
 .text.MX_GPIO_Init
                0x080060ac      0x180 Src/main.o
 .text.MX_DMA_Init
                0x0800622c       0x78 Src/main.o
 .text.MX_SPI2_Init
                0x080062a4       0x3c Src/main.o
 .text.MX_UART5_Init
                0x080062e0       0x2c Src/main.o
 .text.MX_USART3_UART_Init
                0x0800630c       0x2c Src/main.o
 .text.MX_IWDG_Init
                0x08006338       0x20 Src/main.o
 .text.MX_ADC1_Init
                0x08006358       0x88 Src/main.o
 .text.CDC_ReceiveCallBack
                0x080063e0        0xa Src/main.o
                0x080063e0                CDC_ReceiveCallBack
 .text._Error_Handler
                0x080063ea        0x2 Src/main.o
                0x080063ea                _Error_Handler
 .text.MX_I2S3_Init
                0x080063ec       0x44 Src/main.o
 .text.MX_I2C1_Init
                0x08006430       0x44 Src/main.o
 .text.MX_SPI1_Init
                0x08006474       0x48 Src/main.o
 .text.SystemClock_Config
                0x080064bc       0xec Src/main.o
                0x080064bc                SystemClock_Config
 .text.main     0x080065a8      0x1b4 Src/main.o
                0x080065a8                main
 .text.sendOverUSB
                0x0800675c       0x1a Src/pfe_fonctionsUtilisateur.o
                0x0800675c                sendOverUSB
 *fill*         0x08006776        0x2 
 .text.rx_data  0x08006778       0x50 Src/rx_manager.o
                0x08006778                rx_data
 .text.scrambler_init
                0x080067c8       0x14 Src/scrambler.o
                0x080067c8                scrambler_init
 .text.scrambler_reset
                0x080067dc       0x14 Src/scrambler.o
                0x080067dc                scrambler_reset
 .text.descrambler_reset
                0x080067f0        0x8 Src/scrambler.o
                0x080067f0                descrambler_reset
 .text.scramble_data_nrzi
                0x080067f8      0x13a Src/scrambler.o
                0x080067f8                scramble_data_nrzi
 *fill*         0x08006932        0x2 
 .text.stm32_get_temp
                0x08006934       0x9c Src/sensors.o
                0x08006934                stm32_get_temp
 .text.sha256_transform
                0x080069d0      0x140 Src/sha256.o
                0x080069d0                sha256_transform
 .text.sha256_init
                0x08006b10       0x54 Src/sha256.o
                0x08006b10                sha256_init
 .text.sha256_update
                0x08006b64       0x40 Src/sha256.o
                0x08006b64                sha256_update
 .text.sha256_final
                0x08006ba4       0xfc Src/sha256.o
                0x08006ba4                sha256_final
 .text.comms_rf_stats_update
                0x08006ca0       0x60 Src/stats.o
                0x08006ca0                comms_rf_stats_update
 .text.comms_rf_stats_frame_received
                0x08006d00       0x1c Src/stats.o
                0x08006d00                comms_rf_stats_frame_received
 .text.comms_rf_stats_frame_transmitted
                0x08006d1c       0x1c Src/stats.o
                0x08006d1c                comms_rf_stats_frame_transmitted
 .text.comms_rf_stats_invalid_dest_frame
                0x08006d38        0xa Src/stats.o
                0x08006d38                comms_rf_stats_invalid_dest_frame
 .text.comms_rf_stats_invalid_crc_frame
                0x08006d42        0xa Src/stats.o
                0x08006d42                comms_rf_stats_invalid_crc_frame
 .text.comms_rf_stats_sw_cmd_received
                0x08006d4c       0x1c Src/stats.o
                0x08006d4c                comms_rf_stats_sw_cmd_received
 .text.comms_rf_stats_sw_cmd_failed
                0x08006d68        0xe Src/stats.o
                0x08006d68                comms_rf_stats_sw_cmd_failed
 *fill*         0x08006d76        0x2 
 .text.HAL_MspInit
                0x08006d78       0x94 Src/stm32f4xx_hal_msp.o
                0x08006d78                HAL_MspInit
 .text.HAL_I2C_MspInit
                0x08006e0c       0x54 Src/stm32f4xx_hal_msp.o
                0x08006e0c                HAL_I2C_MspInit
 .text.HAL_I2S_MspInit
                0x08006e60       0x68 Src/stm32f4xx_hal_msp.o
                0x08006e60                HAL_I2S_MspInit
 .text.HAL_SPI_MspInit
                0x08006ec8       0x50 Src/stm32f4xx_hal_msp.o
                0x08006ec8                HAL_SPI_MspInit
 .text.NMI_Handler
                0x08006f18        0x2 Src/stm32f4xx_it.o
                0x08006f18                NMI_Handler
 .text.HardFault_Handler
                0x08006f1a        0x2 Src/stm32f4xx_it.o
                0x08006f1a                HardFault_Handler
 .text.MemManage_Handler
                0x08006f1c        0x2 Src/stm32f4xx_it.o
                0x08006f1c                MemManage_Handler
 .text.BusFault_Handler
                0x08006f1e        0x2 Src/stm32f4xx_it.o
                0x08006f1e                BusFault_Handler
 .text.UsageFault_Handler
                0x08006f20        0x2 Src/stm32f4xx_it.o
                0x08006f20                UsageFault_Handler
 .text.SVC_Handler
                0x08006f22        0x2 Src/stm32f4xx_it.o
                0x08006f22                SVC_Handler
 .text.DebugMon_Handler
                0x08006f24        0x2 Src/stm32f4xx_it.o
                0x08006f24                DebugMon_Handler
 .text.PendSV_Handler
                0x08006f26        0x2 Src/stm32f4xx_it.o
                0x08006f26                PendSV_Handler
 .text.SysTick_Handler
                0x08006f28        0xc Src/stm32f4xx_it.o
                0x08006f28                SysTick_Handler
 .text.OTG_FS_IRQHandler
                0x08006f34       0x10 Src/stm32f4xx_it.o
                0x08006f34                OTG_FS_IRQHandler
 .text.SystemInit
                0x08006f44       0x4c Src/system_stm32f4xx.o
                0x08006f44                SystemInit
 .text.tx_data  0x08006f90       0x44 Src/tx_manager.o
                0x08006f90                tx_data
 .text.tx_data_cw
                0x08006fd4       0x48 Src/tx_manager.o
                0x08006fd4                tx_data_cw
 .text.MX_USB_DEVICE_Init
                0x0800701c       0x38 Src/usb_device.o
                0x0800701c                MX_USB_DEVICE_Init
 .text.CDC_DeInit_FS
                0x08007054        0x4 Src/usbd_cdc_if.o
 .text.CDC_Control_FS
                0x08007058        0x4 Src/usbd_cdc_if.o
 .text.CDC_Init_FS
                0x0800705c       0x28 Src/usbd_cdc_if.o
 .text.CDC_Transmit_FS
                0x08007084       0x2c Src/usbd_cdc_if.o
                0x08007084                CDC_Transmit_FS
 .text.CDC_Receive_FS
                0x080070b0       0x28 Src/usbd_cdc_if.o
 .text.HAL_PCD_MspInit
                0x080070d8       0x90 Src/usbd_conf.o
                0x080070d8                HAL_PCD_MspInit
 .text.HAL_PCD_SetupStageCallback
                0x08007168       0x10 Src/usbd_conf.o
                0x08007168                HAL_PCD_SetupStageCallback
 .text.HAL_PCD_DataOutStageCallback
                0x08007178       0x18 Src/usbd_conf.o
                0x08007178                HAL_PCD_DataOutStageCallback
 .text.HAL_PCD_DataInStageCallback
                0x08007190       0x16 Src/usbd_conf.o
                0x08007190                HAL_PCD_DataInStageCallback
 .text.HAL_PCD_SOFCallback
                0x080071a6        0xc Src/usbd_conf.o
                0x080071a6                HAL_PCD_SOFCallback
 .text.HAL_PCD_ResetCallback
                0x080071b2       0x20 Src/usbd_conf.o
                0x080071b2                HAL_PCD_ResetCallback
 *fill*         0x080071d2        0x2 
 .text.HAL_PCD_SuspendCallback
                0x080071d4       0x30 Src/usbd_conf.o
                0x080071d4                HAL_PCD_SuspendCallback
 .text.HAL_PCD_ResumeCallback
                0x08007204        0xc Src/usbd_conf.o
                0x08007204                HAL_PCD_ResumeCallback
 .text.HAL_PCD_ISOOUTIncompleteCallback
                0x08007210        0xc Src/usbd_conf.o
                0x08007210                HAL_PCD_ISOOUTIncompleteCallback
 .text.HAL_PCD_ISOINIncompleteCallback
                0x0800721c        0xc Src/usbd_conf.o
                0x0800721c                HAL_PCD_ISOINIncompleteCallback
 .text.HAL_PCD_ConnectCallback
                0x08007228        0xc Src/usbd_conf.o
                0x08007228                HAL_PCD_ConnectCallback
 .text.HAL_PCD_DisconnectCallback
                0x08007234        0xc Src/usbd_conf.o
                0x08007234                HAL_PCD_DisconnectCallback
 .text.USBD_LL_Init
                0x08007240       0x74 Src/usbd_conf.o
                0x08007240                USBD_LL_Init
 .text.USBD_LL_Start
                0x080072b4       0x1c Src/usbd_conf.o
                0x080072b4                USBD_LL_Start
 .text.USBD_LL_OpenEP
                0x080072d0       0x22 Src/usbd_conf.o
                0x080072d0                USBD_LL_OpenEP
 .text.USBD_LL_CloseEP
                0x080072f2       0x1c Src/usbd_conf.o
                0x080072f2                USBD_LL_CloseEP
 .text.USBD_LL_StallEP
                0x0800730e       0x1c Src/usbd_conf.o
                0x0800730e                USBD_LL_StallEP
 .text.USBD_LL_ClearStallEP
                0x0800732a       0x1c Src/usbd_conf.o
                0x0800732a                USBD_LL_ClearStallEP
 .text.USBD_LL_IsStallEP
                0x08007346       0x2e Src/usbd_conf.o
                0x08007346                USBD_LL_IsStallEP
 .text.USBD_LL_SetUSBAddress
                0x08007374       0x1c Src/usbd_conf.o
                0x08007374                USBD_LL_SetUSBAddress
 .text.USBD_LL_Transmit
                0x08007390       0x1c Src/usbd_conf.o
                0x08007390                USBD_LL_Transmit
 .text.USBD_LL_PrepareReceive
                0x080073ac       0x1c Src/usbd_conf.o
                0x080073ac                USBD_LL_PrepareReceive
 .text.USBD_LL_GetRxDataSize
                0x080073c8        0xc Src/usbd_conf.o
                0x080073c8                USBD_LL_GetRxDataSize
 .text.USBD_FS_DeviceDescriptor
                0x080073d4        0xc Src/usbd_desc.o
                0x080073d4                USBD_FS_DeviceDescriptor
 .text.USBD_FS_LangIDStrDescriptor
                0x080073e0        0xc Src/usbd_desc.o
                0x080073e0                USBD_FS_LangIDStrDescriptor
 .text.USBD_FS_ProductStrDescriptor
                0x080073ec       0x24 Src/usbd_desc.o
                0x080073ec                USBD_FS_ProductStrDescriptor
 .text.USBD_FS_ManufacturerStrDescriptor
                0x08007410       0x1c Src/usbd_desc.o
                0x08007410                USBD_FS_ManufacturerStrDescriptor
 .text.USBD_FS_SerialStrDescriptor
                0x0800742c       0x24 Src/usbd_desc.o
                0x0800742c                USBD_FS_SerialStrDescriptor
 .text.USBD_FS_ConfigStrDescriptor
                0x08007450       0x24 Src/usbd_desc.o
                0x08007450                USBD_FS_ConfigStrDescriptor
 .text.USBD_FS_InterfaceStrDescriptor
                0x08007474       0x24 Src/usbd_desc.o
                0x08007474                USBD_FS_InterfaceStrDescriptor
 .text.comms_wod_tx
                0x08007498       0x68 Src/wod_handling.o
                0x08007498                comms_wod_tx
 .text.comms_ex_wod_tx
                0x08007500       0x12 Src/wod_handling.o
                0x08007500                comms_ex_wod_tx
 *fill*         0x08007512        0x2 
 .text.Reset_Handler
                0x08007514       0x50 startup/startup_stm32f407xx.o
                0x08007514                Reset_Handler
 .text.Default_Handler
                0x08007564        0x2 startup/startup_stm32f407xx.o
                0x08007564                RTC_Alarm_IRQHandler
                0x08007564                HASH_RNG_IRQHandler
                0x08007564                EXTI2_IRQHandler
                0x08007564                TIM8_CC_IRQHandler
                0x08007564                TIM1_CC_IRQHandler
                0x08007564                DMA2_Stream5_IRQHandler
                0x08007564                DMA1_Stream5_IRQHandler
                0x08007564                PVD_IRQHandler
                0x08007564                SDIO_IRQHandler
                0x08007564                TAMP_STAMP_IRQHandler
                0x08007564                CAN2_RX1_IRQHandler
                0x08007564                EXTI3_IRQHandler
                0x08007564                TIM8_TRG_COM_TIM14_IRQHandler
                0x08007564                TIM1_UP_TIM10_IRQHandler
                0x08007564                TIM8_UP_TIM13_IRQHandler
                0x08007564                I2C3_ER_IRQHandler
                0x08007564                EXTI0_IRQHandler
                0x08007564                I2C2_EV_IRQHandler
                0x08007564                DMA1_Stream2_IRQHandler
                0x08007564                CAN1_RX0_IRQHandler
                0x08007564                FPU_IRQHandler
                0x08007564                OTG_HS_WKUP_IRQHandler
                0x08007564                CAN2_SCE_IRQHandler
                0x08007564                DMA2_Stream2_IRQHandler
                0x08007564                SPI1_IRQHandler
                0x08007564                TIM6_DAC_IRQHandler
                0x08007564                TIM1_BRK_TIM9_IRQHandler
                0x08007564                DCMI_IRQHandler
                0x08007564                CAN2_RX0_IRQHandler
                0x08007564                DMA2_Stream3_IRQHandler
                0x08007564                USART6_IRQHandler
                0x08007564                USART3_IRQHandler
                0x08007564                CAN1_RX1_IRQHandler
                0x08007564                UART5_IRQHandler
                0x08007564                DMA2_Stream0_IRQHandler
                0x08007564                TIM4_IRQHandler
                0x08007564                I2C1_EV_IRQHandler
                0x08007564                DMA1_Stream6_IRQHandler
                0x08007564                DMA1_Stream1_IRQHandler
                0x08007564                UART4_IRQHandler
                0x08007564                TIM3_IRQHandler
                0x08007564                RCC_IRQHandler
                0x08007564                TIM8_BRK_TIM12_IRQHandler
                0x08007564                Default_Handler
                0x08007564                EXTI15_10_IRQHandler
                0x08007564                ADC_IRQHandler
                0x08007564                DMA1_Stream7_IRQHandler
                0x08007564                TIM7_IRQHandler
                0x08007564                CAN2_TX_IRQHandler
                0x08007564                TIM5_IRQHandler
                0x08007564                DMA2_Stream7_IRQHandler
                0x08007564                I2C3_EV_IRQHandler
                0x08007564                EXTI9_5_IRQHandler
                0x08007564                RTC_WKUP_IRQHandler
                0x08007564                ETH_WKUP_IRQHandler
                0x08007564                SPI2_IRQHandler
                0x08007564                OTG_HS_EP1_IN_IRQHandler
                0x08007564                DMA1_Stream0_IRQHandler
                0x08007564                CAN1_TX_IRQHandler
                0x08007564                EXTI4_IRQHandler
                0x08007564                FSMC_IRQHandler
                0x08007564                ETH_IRQHandler
                0x08007564                OTG_HS_EP1_OUT_IRQHandler
                0x08007564                WWDG_IRQHandler
                0x08007564                TIM2_IRQHandler
                0x08007564                OTG_FS_WKUP_IRQHandler
                0x08007564                TIM1_TRG_COM_TIM11_IRQHandler
                0x08007564                OTG_HS_IRQHandler
                0x08007564                EXTI1_IRQHandler
                0x08007564                USART2_IRQHandler
                0x08007564                I2C2_ER_IRQHandler
                0x08007564                DMA2_Stream1_IRQHandler
                0x08007564                CAN1_SCE_IRQHandler
                0x08007564                FLASH_IRQHandler
                0x08007564                DMA2_Stream4_IRQHandler
                0x08007564                USART1_IRQHandler
                0x08007564                SPI3_IRQHandler
                0x08007564                DMA1_Stream4_IRQHandler
                0x08007564                I2C1_ER_IRQHandler
                0x08007564                DMA2_Stream6_IRQHandler
                0x08007564                DMA1_Stream3_IRQHandler
 *fill*         0x08007566        0x2 
 .text.__libc_init_array
                0x08007568       0x48 c:/users/franc/documents/_hiver 2019/pfe/stm32/sw4stm32/plugins/fr.ac6.mcu.externaltools.arm-none.win32_1.16.0.201807130628/tools/compiler/bin/../lib/gcc/arm-none-eabi/7.2.1/../../../../arm-none-eabi/lib/thumb/v7e-m/fpv4-sp/hard\libc_nano.a(lib_a-init.o)
                0x08007568                __libc_init_array
 .text.malloc   0x080075b0       0x10 c:/users/franc/documents/_hiver 2019/pfe/stm32/sw4stm32/plugins/fr.ac6.mcu.externaltools.arm-none.win32_1.16.0.201807130628/tools/compiler/bin/../lib/gcc/arm-none-eabi/7.2.1/../../../../arm-none-eabi/lib/thumb/v7e-m/fpv4-sp/hard\libc_nano.a(lib_a-malloc.o)
                0x080075b0                malloc
 .text.free     0x080075c0       0x10 c:/users/franc/documents/_hiver 2019/pfe/stm32/sw4stm32/plugins/fr.ac6.mcu.externaltools.arm-none.win32_1.16.0.201807130628/tools/compiler/bin/../lib/gcc/arm-none-eabi/7.2.1/../../../../arm-none-eabi/lib/thumb/v7e-m/fpv4-sp/hard\libc_nano.a(lib_a-malloc.o)
                0x080075c0                free
 .text.memcpy   0x080075d0       0x16 c:/users/franc/documents/_hiver 2019/pfe/stm32/sw4stm32/plugins/fr.ac6.mcu.externaltools.arm-none.win32_1.16.0.201807130628/tools/compiler/bin/../lib/gcc/arm-none-eabi/7.2.1/../../../../arm-none-eabi/lib/thumb/v7e-m/fpv4-sp/hard\libc_nano.a(lib_a-memcpy-stub.o)
                0x080075d0                memcpy
 .text.memset   0x080075e6       0x10 c:/users/franc/documents/_hiver 2019/pfe/stm32/sw4stm32/plugins/fr.ac6.mcu.externaltools.arm-none.win32_1.16.0.201807130628/tools/compiler/bin/../lib/gcc/arm-none-eabi/7.2.1/../../../../arm-none-eabi/lib/thumb/v7e-m/fpv4-sp/hard\libc_nano.a(lib_a-memset.o)
                0x080075e6                memset
 *fill*         0x080075f6        0x2 
 .text._free_r  0x080075f8       0x9c c:/users/franc/documents/_hiver 2019/pfe/stm32/sw4stm32/plugins/fr.ac6.mcu.externaltools.arm-none.win32_1.16.0.201807130628/tools/compiler/bin/../lib/gcc/arm-none-eabi/7.2.1/../../../../arm-none-eabi/lib/thumb/v7e-m/fpv4-sp/hard\libc_nano.a(lib_a-nano-freer.o)
                0x080075f8                _free_r
 .text._malloc_r
                0x08007694       0xb4 c:/users/franc/documents/_hiver 2019/pfe/stm32/sw4stm32/plugins/fr.ac6.mcu.externaltools.arm-none.win32_1.16.0.201807130628/tools/compiler/bin/../lib/gcc/arm-none-eabi/7.2.1/../../../../arm-none-eabi/lib/thumb/v7e-m/fpv4-sp/hard\libc_nano.a(lib_a-nano-mallocr.o)
                0x08007694                _malloc_r
 .text._sbrk_r  0x08007748       0x20 c:/users/franc/documents/_hiver 2019/pfe/stm32/sw4stm32/plugins/fr.ac6.mcu.externaltools.arm-none.win32_1.16.0.201807130628/tools/compiler/bin/../lib/gcc/arm-none-eabi/7.2.1/../../../../arm-none-eabi/lib/thumb/v7e-m/fpv4-sp/hard\libc_nano.a(lib_a-sbrkr.o)
                0x08007748                _sbrk_r
 .text.sprintf  0x08007768       0x40 c:/users/franc/documents/_hiver 2019/pfe/stm32/sw4stm32/plugins/fr.ac6.mcu.externaltools.arm-none.win32_1.16.0.201807130628/tools/compiler/bin/../lib/gcc/arm-none-eabi/7.2.1/../../../../arm-none-eabi/lib/thumb/v7e-m/fpv4-sp/hard\libc_nano.a(lib_a-sprintf.o)
                0x08007768                siprintf
                0x08007768                sprintf
 .text.strncmp  0x080077a8       0x24 c:/users/franc/documents/_hiver 2019/pfe/stm32/sw4stm32/plugins/fr.ac6.mcu.externaltools.arm-none.win32_1.16.0.201807130628/tools/compiler/bin/../lib/gcc/arm-none-eabi/7.2.1/../../../../arm-none-eabi/lib/thumb/v7e-m/fpv4-sp/hard\libc_nano.a(lib_a-strncmp.o)
                0x080077a8                strncmp
 .text.strnlen  0x080077cc       0x18 c:/users/franc/documents/_hiver 2019/pfe/stm32/sw4stm32/plugins/fr.ac6.mcu.externaltools.arm-none.win32_1.16.0.201807130628/tools/compiler/bin/../lib/gcc/arm-none-eabi/7.2.1/../../../../arm-none-eabi/lib/thumb/v7e-m/fpv4-sp/hard\libc_nano.a(lib_a-strnlen.o)
                0x080077cc                strnlen
 .text.__malloc_lock
                0x080077e4        0x2 c:/users/franc/documents/_hiver 2019/pfe/stm32/sw4stm32/plugins/fr.ac6.mcu.externaltools.arm-none.win32_1.16.0.201807130628/tools/compiler/bin/../lib/gcc/arm-none-eabi/7.2.1/../../../../arm-none-eabi/lib/thumb/v7e-m/fpv4-sp/hard\libc_nano.a(lib_a-mlock.o)
                0x080077e4                __malloc_lock
 .text.__malloc_unlock
                0x080077e6        0x2 c:/users/franc/documents/_hiver 2019/pfe/stm32/sw4stm32/plugins/fr.ac6.mcu.externaltools.arm-none.win32_1.16.0.201807130628/tools/compiler/bin/../lib/gcc/arm-none-eabi/7.2.1/../../../../arm-none-eabi/lib/thumb/v7e-m/fpv4-sp/hard\libc_nano.a(lib_a-mlock.o)
                0x080077e6                __malloc_unlock
 .text.__ssputs_r
                0x080077e8       0xb4 c:/users/franc/documents/_hiver 2019/pfe/stm32/sw4stm32/plugins/fr.ac6.mcu.externaltools.arm-none.win32_1.16.0.201807130628/tools/compiler/bin/../lib/gcc/arm-none-eabi/7.2.1/../../../../arm-none-eabi/lib/thumb/v7e-m/fpv4-sp/hard\libc_nano.a(lib_a-nano-svfprintf.o)
                0x080077e8                __ssputs_r
 .text._svfprintf_r
                0x0800789c      0x1ec c:/users/franc/documents/_hiver 2019/pfe/stm32/sw4stm32/plugins/fr.ac6.mcu.externaltools.arm-none.win32_1.16.0.201807130628/tools/compiler/bin/../lib/gcc/arm-none-eabi/7.2.1/../../../../arm-none-eabi/lib/thumb/v7e-m/fpv4-sp/hard\libc_nano.a(lib_a-nano-svfprintf.o)
                0x0800789c                _svfiprintf_r
                0x0800789c                _svfprintf_r
 .text._printf_common
                0x08007a88       0xea c:/users/franc/documents/_hiver 2019/pfe/stm32/sw4stm32/plugins/fr.ac6.mcu.externaltools.arm-none.win32_1.16.0.201807130628/tools/compiler/bin/../lib/gcc/arm-none-eabi/7.2.1/../../../../arm-none-eabi/lib/thumb/v7e-m/fpv4-sp/hard\libc_nano.a(lib_a-nano-vfprintf_i.o)
                0x08007a88                _printf_common
 *fill*         0x08007b72        0x2 
 .text._printf_i
                0x08007b74      0x224 c:/users/franc/documents/_hiver 2019/pfe/stm32/sw4stm32/plugins/fr.ac6.mcu.externaltools.arm-none.win32_1.16.0.201807130628/tools/compiler/bin/../lib/gcc/arm-none-eabi/7.2.1/../../../../arm-none-eabi/lib/thumb/v7e-m/fpv4-sp/hard\libc_nano.a(lib_a-nano-vfprintf_i.o)
                0x08007b74                _printf_i
 .text.memmove  0x08007d98       0x32 c:/users/franc/documents/_hiver 2019/pfe/stm32/sw4stm32/plugins/fr.ac6.mcu.externaltools.arm-none.win32_1.16.0.201807130628/tools/compiler/bin/../lib/gcc/arm-none-eabi/7.2.1/../../../../arm-none-eabi/lib/thumb/v7e-m/fpv4-sp/hard\libc_nano.a(lib_a-memmove.o)
                0x08007d98                memmove
 .text._realloc_r
                0x08007dca       0x4c c:/users/franc/documents/_hiver 2019/pfe/stm32/sw4stm32/plugins/fr.ac6.mcu.externaltools.arm-none.win32_1.16.0.201807130628/tools/compiler/bin/../lib/gcc/arm-none-eabi/7.2.1/../../../../arm-none-eabi/lib/thumb/v7e-m/fpv4-sp/hard\libc_nano.a(lib_a-nano-reallocr.o)
                0x08007dca                _realloc_r
 .text._malloc_usable_size_r
                0x08007e16       0x10 c:/users/franc/documents/_hiver 2019/pfe/stm32/sw4stm32/plugins/fr.ac6.mcu.externaltools.arm-none.win32_1.16.0.201807130628/tools/compiler/bin/../lib/gcc/arm-none-eabi/7.2.1/../../../../arm-none-eabi/lib/thumb/v7e-m/fpv4-sp/hard\libc_nano.a(lib_a-nano-msizer.o)
                0x08007e16                _malloc_usable_size_r
 *fill*         0x08007e26        0x2 
 .text._sbrk    0x08007e28       0x1c c:/users/franc/documents/_hiver 2019/pfe/stm32/sw4stm32/plugins/fr.ac6.mcu.externaltools.arm-none.win32_1.16.0.201807130628/tools/compiler/bin/../lib/gcc/arm-none-eabi/7.2.1/../../../../arm-none-eabi/lib/thumb/v7e-m/fpv4-sp/hard\libnosys.a(sbrk.o)
                0x08007e28                _sbrk
 *(.glue_7)
 .glue_7        0x08007e44        0x0 linker stubs
 *(.glue_7t)
 .glue_7t       0x08007e44        0x0 linker stubs
 *(.eh_frame)
 .eh_frame      0x08007e44        0x0 c:/users/franc/documents/_hiver 2019/pfe/stm32/sw4stm32/plugins/fr.ac6.mcu.externaltools.arm-none.win32_1.16.0.201807130628/tools/compiler/bin/../lib/gcc/arm-none-eabi/7.2.1/thumb/v7e-m/fpv4-sp/hard/crtbegin.o
 *(.init)
 .init          0x08007e44        0x4 c:/users/franc/documents/_hiver 2019/pfe/stm32/sw4stm32/plugins/fr.ac6.mcu.externaltools.arm-none.win32_1.16.0.201807130628/tools/compiler/bin/../lib/gcc/arm-none-eabi/7.2.1/thumb/v7e-m/fpv4-sp/hard/crti.o
                0x08007e44                _init
 .init          0x08007e48        0x8 c:/users/franc/documents/_hiver 2019/pfe/stm32/sw4stm32/plugins/fr.ac6.mcu.externaltools.arm-none.win32_1.16.0.201807130628/tools/compiler/bin/../lib/gcc/arm-none-eabi/7.2.1/thumb/v7e-m/fpv4-sp/hard/crtn.o
 *(.fini)
 .fini          0x08007e50        0x4 c:/users/franc/documents/_hiver 2019/pfe/stm32/sw4stm32/plugins/fr.ac6.mcu.externaltools.arm-none.win32_1.16.0.201807130628/tools/compiler/bin/../lib/gcc/arm-none-eabi/7.2.1/thumb/v7e-m/fpv4-sp/hard/crti.o
                0x08007e50                _fini
 .fini          0x08007e54        0x8 c:/users/franc/documents/_hiver 2019/pfe/stm32/sw4stm32/plugins/fr.ac6.mcu.externaltools.arm-none.win32_1.16.0.201807130628/tools/compiler/bin/../lib/gcc/arm-none-eabi/7.2.1/thumb/v7e-m/fpv4-sp/hard/crtn.o
                0x08007e5c                . = ALIGN (0x4)
                0x08007e5c                _etext = .

.vfp11_veneer   0x08007e5c        0x0
 .vfp11_veneer  0x08007e5c        0x0 linker stubs

.v4_bx          0x08007e5c        0x0
 .v4_bx         0x08007e5c        0x0 linker stubs

.iplt           0x08007e5c        0x0
 .iplt          0x08007e5c        0x0 c:/users/franc/documents/_hiver 2019/pfe/stm32/sw4stm32/plugins/fr.ac6.mcu.externaltools.arm-none.win32_1.16.0.201807130628/tools/compiler/bin/../lib/gcc/arm-none-eabi/7.2.1/thumb/v7e-m/fpv4-sp/hard/crtbegin.o

.rodata         0x08007e5c      0x944
                0x08007e5c                . = ALIGN (0x4)
 *(.rodata)
 .rodata        0x08007e5c      0x314 Src/ax25.o
 .rodata        0x08008170      0x360 Src/cc_tx_init.o
                0x08008358                CW_preferredSettings
 .rodata        0x080084d0       0x34 Src/comms_manager.o
 .rodata        0x08008504       0x18 Src/cw.o
 .rodata        0x0800851c       0x64 Src/main.o
 .rodata        0x08008580      0x100 Src/sha256.o
 .rodata        0x08008680       0x18 Src/system_stm32f4xx.o
                0x08008680                AHBPrescTable
                0x08008690                APBPrescTable
 *(.rodata*)
 .rodata.str1.4
                0x08008698       0x26 Src/comms_manager.o
 *fill*         0x080086be        0x2 
 .rodata.str1.4
                0x080086c0       0x40 Src/main.o
 .rodata.str1.4
                0x08008700       0x13 Src/usbd_conf.o
 *fill*         0x08008713        0x1 
 .rodata.str1.4
                0x08008714       0x58 Src/usbd_desc.o
                                 0x56 (size before relaxing)
 .rodata._svfprintf_r.str1.1
                0x0800876c       0x11 c:/users/franc/documents/_hiver 2019/pfe/stm32/sw4stm32/plugins/fr.ac6.mcu.externaltools.arm-none.win32_1.16.0.201807130628/tools/compiler/bin/../lib/gcc/arm-none-eabi/7.2.1/../../../../arm-none-eabi/lib/thumb/v7e-m/fpv4-sp/hard\libc_nano.a(lib_a-nano-svfprintf.o)
 .rodata._printf_i.str1.1
                0x0800877d       0x22 c:/users/franc/documents/_hiver 2019/pfe/stm32/sw4stm32/plugins/fr.ac6.mcu.externaltools.arm-none.win32_1.16.0.201807130628/tools/compiler/bin/../lib/gcc/arm-none-eabi/7.2.1/../../../../arm-none-eabi/lib/thumb/v7e-m/fpv4-sp/hard\libc_nano.a(lib_a-nano-vfprintf_i.o)
                0x080087a0                . = ALIGN (0x4)
 *fill*         0x0800879f        0x1 

.ARM.extab
 *(.ARM.extab* .gnu.linkonce.armextab.*)

.ARM            0x080087a0        0x8
                0x080087a0                __exidx_start = .
 *(.ARM.exidx*)
 .ARM.exidx     0x080087a0        0x8 c:/users/franc/documents/_hiver 2019/pfe/stm32/sw4stm32/plugins/fr.ac6.mcu.externaltools.arm-none.win32_1.16.0.201807130628/tools/compiler/bin/../lib/gcc/arm-none-eabi/7.2.1/thumb/v7e-m/fpv4-sp/hard\libgcc.a(_udivmoddi4.o)
                0x080087a8                __exidx_end = .

.rel.dyn        0x080087a8        0x0
 .rel.iplt      0x080087a8        0x0 c:/users/franc/documents/_hiver 2019/pfe/stm32/sw4stm32/plugins/fr.ac6.mcu.externaltools.arm-none.win32_1.16.0.201807130628/tools/compiler/bin/../lib/gcc/arm-none-eabi/7.2.1/thumb/v7e-m/fpv4-sp/hard/crtbegin.o

.preinit_array  0x080087a8        0x0
                0x080087a8                PROVIDE (__preinit_array_start, .)
 *(.preinit_array*)
                0x080087a8                PROVIDE (__preinit_array_end, .)

.init_array     0x080087a8        0x4
                0x080087a8                PROVIDE (__init_array_start, .)
 *(SORT_BY_NAME(.init_array.*))
 *(.init_array*)
 .init_array    0x080087a8        0x4 c:/users/franc/documents/_hiver 2019/pfe/stm32/sw4stm32/plugins/fr.ac6.mcu.externaltools.arm-none.win32_1.16.0.201807130628/tools/compiler/bin/../lib/gcc/arm-none-eabi/7.2.1/thumb/v7e-m/fpv4-sp/hard/crtbegin.o
                0x080087ac                PROVIDE (__init_array_end, .)

.fini_array     0x080087ac        0x4
                [!provide]                PROVIDE (__fini_array_start, .)
 *(SORT_BY_NAME(.fini_array.*))
 *(.fini_array*)
 .fini_array    0x080087ac        0x4 c:/users/franc/documents/_hiver 2019/pfe/stm32/sw4stm32/plugins/fr.ac6.mcu.externaltools.arm-none.win32_1.16.0.201807130628/tools/compiler/bin/../lib/gcc/arm-none-eabi/7.2.1/thumb/v7e-m/fpv4-sp/hard/crtbegin.o
                [!provide]                PROVIDE (__fini_array_end, .)
                0x080087b0                _sidata = LOADADDR (.data)

.data           0x20000000      0x1bc load address 0x080087b0
                0x20000000                . = ALIGN (0x4)
                0x20000000                _sdata = .
 *(.data)
 .data          0x20000000      0x110 Middlewares/ST/STM32_USB_Device_Library/Class/CDC/Src/usbd_cdc.o
                0x20000000                USBD_CDC_CfgFSDesc
                0x20000044                USBD_CDC_CfgHSDesc
                0x20000088                USBD_CDC_OtherSpeedCfgDesc
                0x200000d8                USBD_CDC
 .data          0x20000110        0x4 Src/system_stm32f4xx.o
                0x20000110                SystemCoreClock
 .data          0x20000114       0x10 Src/usbd_cdc_if.o
                0x20000114                USBD_Interface_fops_FS
 .data          0x20000124       0x34 Src/usbd_desc.o
                0x20000124                USBD_FS_DeviceDesc
                0x20000138                USBD_LangIDDesc
                0x2000013c                FS_Desc
 *(.data*)
 .data._impure_ptr
                0x20000158        0x4 c:/users/franc/documents/_hiver 2019/pfe/stm32/sw4stm32/plugins/fr.ac6.mcu.externaltools.arm-none.win32_1.16.0.201807130628/tools/compiler/bin/../lib/gcc/arm-none-eabi/7.2.1/../../../../arm-none-eabi/lib/thumb/v7e-m/fpv4-sp/hard\libc_nano.a(lib_a-impure.o)
                0x20000158                _impure_ptr
 .data.impure_data
                0x2000015c       0x60 c:/users/franc/documents/_hiver 2019/pfe/stm32/sw4stm32/plugins/fr.ac6.mcu.externaltools.arm-none.win32_1.16.0.201807130628/tools/compiler/bin/../lib/gcc/arm-none-eabi/7.2.1/../../../../arm-none-eabi/lib/thumb/v7e-m/fpv4-sp/hard\libc_nano.a(lib_a-impure.o)
                0x200001bc                . = ALIGN (0x4)
                0x200001bc                _edata = .
                0x0800896c                _siccmram = LOADADDR (.ccmram)

.igot.plt       0x200001bc        0x0 load address 0x0800896c
 .igot.plt      0x200001bc        0x0 c:/users/franc/documents/_hiver 2019/pfe/stm32/sw4stm32/plugins/fr.ac6.mcu.externaltools.arm-none.win32_1.16.0.201807130628/tools/compiler/bin/../lib/gcc/arm-none-eabi/7.2.1/thumb/v7e-m/fpv4-sp/hard/crtbegin.o

.ccmram         0x10000000        0x0 load address 0x0800896c
                0x10000000                . = ALIGN (0x4)
                0x10000000                _sccmram = .
 *(.ccmram)
 *(.ccmram*)
                0x10000000                . = ALIGN (0x4)
                0x10000000                _eccmram = .
                0x10000000                . = ALIGN (0x4)

.bss            0x200001c0     0x9334
                0x200001c0                _sbss = .
                0x200001c0                __bss_start__ = _sbss
 *(.bss)
 .bss           0x200001c0       0x1c c:/users/franc/documents/_hiver 2019/pfe/stm32/sw4stm32/plugins/fr.ac6.mcu.externaltools.arm-none.win32_1.16.0.201807130628/tools/compiler/bin/../lib/gcc/arm-none-eabi/7.2.1/thumb/v7e-m/fpv4-sp/hard/crtbegin.o
 .bss           0x200001dc        0x1 Middlewares/ST/STM32_USB_Device_Library/Class/CDC/Src/usbd_cdc.o
 .bss           0x200001dd        0x1 Middlewares/ST/STM32_USB_Device_Library/Core/Src/usbd_ctlreq.o
 *fill*         0x200001de        0x2 
 .bss           0x200001e0      0xd1c Src/ax25.o
                0x200001e0                interm_send_buf
                0x2000031c                tmp_bit_buf
                0x20000cfc                tmp_buf
 .bss           0x20000efc      0x18a Src/cc112x_spi.o
 *fill*         0x20001086        0x2 
 .bss           0x20001088      0x4d8 Src/comms_manager.o
 .bss           0x20001560      0xc00 Src/cw.o
 .bss           0x20002160        0x8 Src/main.o
                0x20002160                tx_thr_flag
                0x20002161                tx_fin_flag
                0x20002162                rx_sync_flag
                0x20002163                rx_finished_flag
                0x20002164                rx_thr_flag
                0x20002166                size
 .bss           0x20002168      0x128 Src/sensors.o
 .bss           0x20002290     0x513c Src/tx_manager.o
 .bss           0x200073cc      0x200 Src/wod_handling.o
 *(.bss*)
 .bss.__malloc_free_list
                0x200075cc        0x4 c:/users/franc/documents/_hiver 2019/pfe/stm32/sw4stm32/plugins/fr.ac6.mcu.externaltools.arm-none.win32_1.16.0.201807130628/tools/compiler/bin/../lib/gcc/arm-none-eabi/7.2.1/../../../../arm-none-eabi/lib/thumb/v7e-m/fpv4-sp/hard\libc_nano.a(lib_a-nano-mallocr.o)
                0x200075cc                __malloc_free_list
 .bss.__malloc_sbrk_start
                0x200075d0        0x4 c:/users/franc/documents/_hiver 2019/pfe/stm32/sw4stm32/plugins/fr.ac6.mcu.externaltools.arm-none.win32_1.16.0.201807130628/tools/compiler/bin/../lib/gcc/arm-none-eabi/7.2.1/../../../../arm-none-eabi/lib/thumb/v7e-m/fpv4-sp/hard\libc_nano.a(lib_a-nano-mallocr.o)
                0x200075d0                __malloc_sbrk_start
 .bss.heap_end.5377
                0x200075d4        0x4 c:/users/franc/documents/_hiver 2019/pfe/stm32/sw4stm32/plugins/fr.ac6.mcu.externaltools.arm-none.win32_1.16.0.201807130628/tools/compiler/bin/../lib/gcc/arm-none-eabi/7.2.1/../../../../arm-none-eabi/lib/thumb/v7e-m/fpv4-sp/hard\libnosys.a(sbrk.o)
 *(COMMON)
 COMMON         0x200075d8        0x4 Drivers/STM32F4xx_HAL_Driver/Src/stm32f4xx_hal.o
                0x200075d8                uwTick
 COMMON         0x200075dc       0x14 Src/ax25.o
                0x200075dc                h_scrabler
 COMMON         0x200075f0       0x54 Src/comms_manager.o
                0x200075f0                comms_stats
                0x2000763c                cmd_and_ctrl
 COMMON         0x20007644      0x678 Src/main.o
                0x20007644                hspi2
                0x2000769c                huart3
                0x200076dc                hi2c1
                0x20007720                hiwdg
                0x20007730                debug_temp
                0x20007830                hdma_spi2_rx
                0x20007888                huart5
                0x200078c8                uart_temp
                0x20007ac8                hadc1
                0x20007b10                hdma_adc1
                0x20007b68                hspi1
                0x20007bc0                res
                0x20007bc4                hdma_spi1_tx
                0x20007c1c                hdma_uart5_tx
                0x20007c74                hi2s3
 COMMON         0x20007cbc       0x20 Src/rx_manager.o
                0x20007cbc                h_ax25dec
 COMMON         0x20007cdc      0x224 Src/usb_device.o
                0x20007cdc                hUsbDeviceFS
 COMMON         0x20007f00     0x1000 Src/usbd_cdc_if.o
                0x20007f00                UserRxBufferFS
                0x20008700                UserTxBufferFS
 COMMON         0x20008f00      0x3f0 Src/usbd_conf.o
                0x20008f00                hpcd_USB_OTG_FS
 COMMON         0x200092f0      0x200 Src/usbd_desc.o
                0x200092f0                USBD_StrDesc
 COMMON         0x200094f0        0x4 c:/users/franc/documents/_hiver 2019/pfe/stm32/sw4stm32/plugins/fr.ac6.mcu.externaltools.arm-none.win32_1.16.0.201807130628/tools/compiler/bin/../lib/gcc/arm-none-eabi/7.2.1/../../../../arm-none-eabi/lib/thumb/v7e-m/fpv4-sp/hard\libc_nano.a(lib_a-reent.o)
                0x200094f0                errno
                0x200094f4                . = ALIGN (0x4)
                0x200094f4                _ebss = .
                0x200094f4                __bss_end__ = _ebss

._user_heap_stack
                0x200094f4     0x6004
                0x200094f8                . = ALIGN (0x8)
 *fill*         0x200094f4        0x4 
                0x200094f8                PROVIDE (end, .)
                [!provide]                PROVIDE (_end, .)
                0x2000b4f8                . = (. + _Min_Heap_Size)
 *fill*         0x200094f8     0x2000 
                0x2000f4f8                . = (. + _Min_Stack_Size)
 *fill*         0x2000b4f8     0x4000 
                0x2000f4f8                . = ALIGN (0x8)

/DISCARD/
 libc.a(*)
 libm.a(*)
 libgcc.a(*)

.ARM.attributes
                0x00000000       0x30
 *(.ARM.attributes)
 .ARM.attributes
                0x00000000       0x22 c:/users/franc/documents/_hiver 2019/pfe/stm32/sw4stm32/plugins/fr.ac6.mcu.externaltools.arm-none.win32_1.16.0.201807130628/tools/compiler/bin/../lib/gcc/arm-none-eabi/7.2.1/thumb/v7e-m/fpv4-sp/hard/crti.o
 .ARM.attributes
                0x00000022       0x34 c:/users/franc/documents/_hiver 2019/pfe/stm32/sw4stm32/plugins/fr.ac6.mcu.externaltools.arm-none.win32_1.16.0.201807130628/tools/compiler/bin/../lib/gcc/arm-none-eabi/7.2.1/thumb/v7e-m/fpv4-sp/hard/crtbegin.o
 .ARM.attributes
                0x00000056       0x39 Drivers/STM32F4xx_HAL_Driver/Src/stm32f4xx_hal.o
 .ARM.attributes
                0x0000008f       0x39 Drivers/STM32F4xx_HAL_Driver/Src/stm32f4xx_hal_adc.o
 .ARM.attributes
                0x000000c8       0x39 Drivers/STM32F4xx_HAL_Driver/Src/stm32f4xx_hal_cortex.o
 .ARM.attributes
                0x00000101       0x39 Drivers/STM32F4xx_HAL_Driver/Src/stm32f4xx_hal_dma.o
 .ARM.attributes
                0x0000013a       0x39 Drivers/STM32F4xx_HAL_Driver/Src/stm32f4xx_hal_gpio.o
 .ARM.attributes
                0x00000173       0x39 Drivers/STM32F4xx_HAL_Driver/Src/stm32f4xx_hal_i2c.o
 .ARM.attributes
                0x000001ac       0x39 Drivers/STM32F4xx_HAL_Driver/Src/stm32f4xx_hal_i2s.o
 .ARM.attributes
                0x000001e5       0x39 Drivers/STM32F4xx_HAL_Driver/Src/stm32f4xx_hal_i2s_ex.o
 .ARM.attributes
                0x0000021e       0x39 Drivers/STM32F4xx_HAL_Driver/Src/stm32f4xx_hal_iwdg.o
 .ARM.attributes
                0x00000257       0x39 Drivers/STM32F4xx_HAL_Driver/Src/stm32f4xx_hal_pcd.o
 .ARM.attributes
                0x00000290       0x39 Drivers/STM32F4xx_HAL_Driver/Src/stm32f4xx_hal_pcd_ex.o
 .ARM.attributes
                0x000002c9       0x39 Drivers/STM32F4xx_HAL_Driver/Src/stm32f4xx_hal_rcc.o
 .ARM.attributes
                0x00000302       0x39 Drivers/STM32F4xx_HAL_Driver/Src/stm32f4xx_hal_rcc_ex.o
 .ARM.attributes
                0x0000033b       0x39 Drivers/STM32F4xx_HAL_Driver/Src/stm32f4xx_hal_spi.o
 .ARM.attributes
                0x00000374       0x39 Drivers/STM32F4xx_HAL_Driver/Src/stm32f4xx_hal_uart.o
 .ARM.attributes
                0x000003ad       0x39 Drivers/STM32F4xx_HAL_Driver/Src/stm32f4xx_ll_usb.o
 .ARM.attributes
                0x000003e6       0x39 Middlewares/ST/STM32_USB_Device_Library/Class/CDC/Src/usbd_cdc.o
 .ARM.attributes
                0x0000041f       0x39 Middlewares/ST/STM32_USB_Device_Library/Core/Src/usbd_core.o
 .ARM.attributes
                0x00000458       0x39 Middlewares/ST/STM32_USB_Device_Library/Core/Src/usbd_ctlreq.o
 .ARM.attributes
                0x00000491       0x39 Middlewares/ST/STM32_USB_Device_Library/Core/Src/usbd_ioreq.o
 .ARM.attributes
                0x000004ca       0x39 Src/ax25.o
 .ARM.attributes
                0x00000503       0x39 Src/cc112x_spi.o
 .ARM.attributes
                0x0000053c       0x39 Src/cc_tx_init.o
 .ARM.attributes
                0x00000575       0x39 Src/comms_manager.o
 .ARM.attributes
                0x000005ae       0x39 Src/cw.o
 .ARM.attributes
                0x000005e7       0x39 Src/lfsr.o
 .ARM.attributes
                0x00000620       0x39 Src/main.o
 .ARM.attributes
                0x00000659       0x39 Src/pfe_fonctionsUtilisateur.o
 .ARM.attributes
                0x00000692       0x39 Src/rx_manager.o
 .ARM.attributes
                0x000006cb       0x39 Src/scrambler.o
 .ARM.attributes
                0x00000704       0x39 Src/sensors.o
 .ARM.attributes
                0x0000073d       0x39 Src/sha256.o
 .ARM.attributes
                0x00000776       0x39 Src/stats.o
 .ARM.attributes
                0x000007af       0x39 Src/stm32f4xx_hal_msp.o
 .ARM.attributes
                0x000007e8       0x39 Src/stm32f4xx_it.o
 .ARM.attributes
                0x00000821       0x39 Src/system_stm32f4xx.o
 .ARM.attributes
                0x0000085a       0x39 Src/tx_manager.o
 .ARM.attributes
                0x00000893       0x39 Src/usb_device.o
 .ARM.attributes
                0x000008cc       0x39 Src/usbd_cdc_if.o
 .ARM.attributes
                0x00000905       0x39 Src/usbd_conf.o
 .ARM.attributes
                0x0000093e       0x39 Src/usbd_desc.o
 .ARM.attributes
                0x00000977       0x39 Src/wod_handling.o
 .ARM.attributes
                0x000009b0       0x21 startup/startup_stm32f407xx.o
 .ARM.attributes
                0x000009d1       0x22 c:/users/franc/documents/_hiver 2019/pfe/stm32/sw4stm32/plugins/fr.ac6.mcu.externaltools.arm-none.win32_1.16.0.201807130628/tools/compiler/bin/../lib/gcc/arm-none-eabi/7.2.1/thumb/v7e-m/fpv4-sp/hard\libgcc.a(_aeabi_uldivmod.o)
 .ARM.attributes
                0x000009f3       0x34 c:/users/franc/documents/_hiver 2019/pfe/stm32/sw4stm32/plugins/fr.ac6.mcu.externaltools.arm-none.win32_1.16.0.201807130628/tools/compiler/bin/../lib/gcc/arm-none-eabi/7.2.1/thumb/v7e-m/fpv4-sp/hard\libgcc.a(_udivmoddi4.o)
 .ARM.attributes
                0x00000a27       0x22 c:/users/franc/documents/_hiver 2019/pfe/stm32/sw4stm32/plugins/fr.ac6.mcu.externaltools.arm-none.win32_1.16.0.201807130628/tools/compiler/bin/../lib/gcc/arm-none-eabi/7.2.1/thumb/v7e-m/fpv4-sp/hard\libgcc.a(_dvmd_tls.o)
 .ARM.attributes
                0x00000a49       0x34 c:/users/franc/documents/_hiver 2019/pfe/stm32/sw4stm32/plugins/fr.ac6.mcu.externaltools.arm-none.win32_1.16.0.201807130628/tools/compiler/bin/../lib/gcc/arm-none-eabi/7.2.1/../../../../arm-none-eabi/lib/thumb/v7e-m/fpv4-sp/hard\libc_nano.a(lib_a-impure.o)
 .ARM.attributes
                0x00000a7d       0x34 c:/users/franc/documents/_hiver 2019/pfe/stm32/sw4stm32/plugins/fr.ac6.mcu.externaltools.arm-none.win32_1.16.0.201807130628/tools/compiler/bin/../lib/gcc/arm-none-eabi/7.2.1/../../../../arm-none-eabi/lib/thumb/v7e-m/fpv4-sp/hard\libc_nano.a(lib_a-init.o)
 .ARM.attributes
                0x00000ab1       0x34 c:/users/franc/documents/_hiver 2019/pfe/stm32/sw4stm32/plugins/fr.ac6.mcu.externaltools.arm-none.win32_1.16.0.201807130628/tools/compiler/bin/../lib/gcc/arm-none-eabi/7.2.1/../../../../arm-none-eabi/lib/thumb/v7e-m/fpv4-sp/hard\libc_nano.a(lib_a-malloc.o)
 .ARM.attributes
                0x00000ae5       0x34 c:/users/franc/documents/_hiver 2019/pfe/stm32/sw4stm32/plugins/fr.ac6.mcu.externaltools.arm-none.win32_1.16.0.201807130628/tools/compiler/bin/../lib/gcc/arm-none-eabi/7.2.1/../../../../arm-none-eabi/lib/thumb/v7e-m/fpv4-sp/hard\libc_nano.a(lib_a-memcpy-stub.o)
 .ARM.attributes
                0x00000b19       0x34 c:/users/franc/documents/_hiver 2019/pfe/stm32/sw4stm32/plugins/fr.ac6.mcu.externaltools.arm-none.win32_1.16.0.201807130628/tools/compiler/bin/../lib/gcc/arm-none-eabi/7.2.1/../../../../arm-none-eabi/lib/thumb/v7e-m/fpv4-sp/hard\libc_nano.a(lib_a-memset.o)
 .ARM.attributes
                0x00000b4d       0x34 c:/users/franc/documents/_hiver 2019/pfe/stm32/sw4stm32/plugins/fr.ac6.mcu.externaltools.arm-none.win32_1.16.0.201807130628/tools/compiler/bin/../lib/gcc/arm-none-eabi/7.2.1/../../../../arm-none-eabi/lib/thumb/v7e-m/fpv4-sp/hard\libc_nano.a(lib_a-nano-freer.o)
 .ARM.attributes
                0x00000b81       0x34 c:/users/franc/documents/_hiver 2019/pfe/stm32/sw4stm32/plugins/fr.ac6.mcu.externaltools.arm-none.win32_1.16.0.201807130628/tools/compiler/bin/../lib/gcc/arm-none-eabi/7.2.1/../../../../arm-none-eabi/lib/thumb/v7e-m/fpv4-sp/hard\libc_nano.a(lib_a-nano-mallocr.o)
 .ARM.attributes
                0x00000bb5       0x34 c:/users/franc/documents/_hiver 2019/pfe/stm32/sw4stm32/plugins/fr.ac6.mcu.externaltools.arm-none.win32_1.16.0.201807130628/tools/compiler/bin/../lib/gcc/arm-none-eabi/7.2.1/../../../../arm-none-eabi/lib/thumb/v7e-m/fpv4-sp/hard\libc_nano.a(lib_a-sbrkr.o)
 .ARM.attributes
                0x00000be9       0x34 c:/users/franc/documents/_hiver 2019/pfe/stm32/sw4stm32/plugins/fr.ac6.mcu.externaltools.arm-none.win32_1.16.0.201807130628/tools/compiler/bin/../lib/gcc/arm-none-eabi/7.2.1/../../../../arm-none-eabi/lib/thumb/v7e-m/fpv4-sp/hard\libc_nano.a(lib_a-sprintf.o)
 .ARM.attributes
                0x00000c1d       0x1b c:/users/franc/documents/_hiver 2019/pfe/stm32/sw4stm32/plugins/fr.ac6.mcu.externaltools.arm-none.win32_1.16.0.201807130628/tools/compiler/bin/../lib/gcc/arm-none-eabi/7.2.1/../../../../arm-none-eabi/lib/thumb/v7e-m/fpv4-sp/hard\libc_nano.a(lib_a-strlen.o)
 .ARM.attributes
                0x00000c38       0x34 c:/users/franc/documents/_hiver 2019/pfe/stm32/sw4stm32/plugins/fr.ac6.mcu.externaltools.arm-none.win32_1.16.0.201807130628/tools/compiler/bin/../lib/gcc/arm-none-eabi/7.2.1/../../../../arm-none-eabi/lib/thumb/v7e-m/fpv4-sp/hard\libc_nano.a(lib_a-strncmp.o)
 .ARM.attributes
                0x00000c6c       0x34 c:/users/franc/documents/_hiver 2019/pfe/stm32/sw4stm32/plugins/fr.ac6.mcu.externaltools.arm-none.win32_1.16.0.201807130628/tools/compiler/bin/../lib/gcc/arm-none-eabi/7.2.1/../../../../arm-none-eabi/lib/thumb/v7e-m/fpv4-sp/hard\libc_nano.a(lib_a-strnlen.o)
 .ARM.attributes
                0x00000ca0       0x34 c:/users/franc/documents/_hiver 2019/pfe/stm32/sw4stm32/plugins/fr.ac6.mcu.externaltools.arm-none.win32_1.16.0.201807130628/tools/compiler/bin/../lib/gcc/arm-none-eabi/7.2.1/../../../../arm-none-eabi/lib/thumb/v7e-m/fpv4-sp/hard\libc_nano.a(lib_a-mlock.o)
 .ARM.attributes
                0x00000cd4       0x34 c:/users/franc/documents/_hiver 2019/pfe/stm32/sw4stm32/plugins/fr.ac6.mcu.externaltools.arm-none.win32_1.16.0.201807130628/tools/compiler/bin/../lib/gcc/arm-none-eabi/7.2.1/../../../../arm-none-eabi/lib/thumb/v7e-m/fpv4-sp/hard\libc_nano.a(lib_a-nano-svfprintf.o)
 .ARM.attributes
                0x00000d08       0x34 c:/users/franc/documents/_hiver 2019/pfe/stm32/sw4stm32/plugins/fr.ac6.mcu.externaltools.arm-none.win32_1.16.0.201807130628/tools/compiler/bin/../lib/gcc/arm-none-eabi/7.2.1/../../../../arm-none-eabi/lib/thumb/v7e-m/fpv4-sp/hard\libc_nano.a(lib_a-nano-vfprintf_i.o)
 .ARM.attributes
                0x00000d3c       0x34 c:/users/franc/documents/_hiver 2019/pfe/stm32/sw4stm32/plugins/fr.ac6.mcu.externaltools.arm-none.win32_1.16.0.201807130628/tools/compiler/bin/../lib/gcc/arm-none-eabi/7.2.1/../../../../arm-none-eabi/lib/thumb/v7e-m/fpv4-sp/hard\libc_nano.a(lib_a-reent.o)
 .ARM.attributes
                0x00000d70       0x20 c:/users/franc/documents/_hiver 2019/pfe/stm32/sw4stm32/plugins/fr.ac6.mcu.externaltools.arm-none.win32_1.16.0.201807130628/tools/compiler/bin/../lib/gcc/arm-none-eabi/7.2.1/../../../../arm-none-eabi/lib/thumb/v7e-m/fpv4-sp/hard\libc_nano.a(lib_a-memchr.o)
 .ARM.attributes
                0x00000d90       0x34 c:/users/franc/documents/_hiver 2019/pfe/stm32/sw4stm32/plugins/fr.ac6.mcu.externaltools.arm-none.win32_1.16.0.201807130628/tools/compiler/bin/../lib/gcc/arm-none-eabi/7.2.1/../../../../arm-none-eabi/lib/thumb/v7e-m/fpv4-sp/hard\libc_nano.a(lib_a-memmove.o)
 .ARM.attributes
                0x00000dc4       0x34 c:/users/franc/documents/_hiver 2019/pfe/stm32/sw4stm32/plugins/fr.ac6.mcu.externaltools.arm-none.win32_1.16.0.201807130628/tools/compiler/bin/../lib/gcc/arm-none-eabi/7.2.1/../../../../arm-none-eabi/lib/thumb/v7e-m/fpv4-sp/hard\libc_nano.a(lib_a-nano-reallocr.o)
 .ARM.attributes
                0x00000df8       0x34 c:/users/franc/documents/_hiver 2019/pfe/stm32/sw4stm32/plugins/fr.ac6.mcu.externaltools.arm-none.win32_1.16.0.201807130628/tools/compiler/bin/../lib/gcc/arm-none-eabi/7.2.1/../../../../arm-none-eabi/lib/thumb/v7e-m/fpv4-sp/hard\libc_nano.a(lib_a-nano-msizer.o)
 .ARM.attributes
                0x00000e2c       0x34 c:/users/franc/documents/_hiver 2019/pfe/stm32/sw4stm32/plugins/fr.ac6.mcu.externaltools.arm-none.win32_1.16.0.201807130628/tools/compiler/bin/../lib/gcc/arm-none-eabi/7.2.1/../../../../arm-none-eabi/lib/thumb/v7e-m/fpv4-sp/hard\libnosys.a(sbrk.o)
 .ARM.attributes
                0x00000e60       0x22 c:/users/franc/documents/_hiver 2019/pfe/stm32/sw4stm32/plugins/fr.ac6.mcu.externaltools.arm-none.win32_1.16.0.201807130628/tools/compiler/bin/../lib/gcc/arm-none-eabi/7.2.1/thumb/v7e-m/fpv4-sp/hard/crtn.o
OUTPUT(CodeUpsatBaseExempleUSB.elf elf32-littlearm)

.debug_info     0x00000000    0x3cb9e
 .debug_info    0x00000000     0x1176 Drivers/STM32F4xx_HAL_Driver/Src/stm32f4xx_hal.o
 .debug_info    0x00001176     0x15ec Drivers/STM32F4xx_HAL_Driver/Src/stm32f4xx_hal_adc.o
 .debug_info    0x00002762     0x16d5 Drivers/STM32F4xx_HAL_Driver/Src/stm32f4xx_hal_cortex.o
 .debug_info    0x00003e37     0x1076 Drivers/STM32F4xx_HAL_Driver/Src/stm32f4xx_hal_dma.o
 .debug_info    0x00004ead      0xf93 Drivers/STM32F4xx_HAL_Driver/Src/stm32f4xx_hal_gpio.o
 .debug_info    0x00005e40     0x3984 Drivers/STM32F4xx_HAL_Driver/Src/stm32f4xx_hal_i2c.o
 .debug_info    0x000097c4     0x17f5 Drivers/STM32F4xx_HAL_Driver/Src/stm32f4xx_hal_i2s.o
 .debug_info    0x0000afb9     0x1600 Drivers/STM32F4xx_HAL_Driver/Src/stm32f4xx_hal_i2s_ex.o
 .debug_info    0x0000c5b9      0xbb8 Drivers/STM32F4xx_HAL_Driver/Src/stm32f4xx_hal_iwdg.o
 .debug_info    0x0000d171     0x1ca4 Drivers/STM32F4xx_HAL_Driver/Src/stm32f4xx_hal_pcd.o
 .debug_info    0x0000ee15      0xdd5 Drivers/STM32F4xx_HAL_Driver/Src/stm32f4xx_hal_pcd_ex.o
 .debug_info    0x0000fbea     0x125b Drivers/STM32F4xx_HAL_Driver/Src/stm32f4xx_hal_rcc.o
 .debug_info    0x00010e45      0xe8b Drivers/STM32F4xx_HAL_Driver/Src/stm32f4xx_hal_rcc_ex.o
 .debug_info    0x00011cd0     0x20e6 Drivers/STM32F4xx_HAL_Driver/Src/stm32f4xx_hal_spi.o
 .debug_info    0x00013db6     0x1a6f Drivers/STM32F4xx_HAL_Driver/Src/stm32f4xx_hal_uart.o
 .debug_info    0x00015825     0x1f18 Drivers/STM32F4xx_HAL_Driver/Src/stm32f4xx_ll_usb.o
 .debug_info    0x0001773d     0x1583 Middlewares/ST/STM32_USB_Device_Library/Class/CDC/Src/usbd_cdc.o
 .debug_info    0x00018cc0     0x14ab Middlewares/ST/STM32_USB_Device_Library/Core/Src/usbd_core.o
 .debug_info    0x0001a16b     0x166a Middlewares/ST/STM32_USB_Device_Library/Core/Src/usbd_ctlreq.o
 .debug_info    0x0001b7d5      0xfd4 Middlewares/ST/STM32_USB_Device_Library/Core/Src/usbd_ioreq.o
 .debug_info    0x0001c7a9     0x1a8e Src/ax25.o
 .debug_info    0x0001e237     0x2d87 Src/cc112x_spi.o
 .debug_info    0x00020fbe      0xeed Src/cc_tx_init.o
 .debug_info    0x00021eab     0x2c88 Src/comms_manager.o
 .debug_info    0x00024b33      0xe36 Src/cw.o
 .debug_info    0x00025969      0x82c Src/lfsr.o
 .debug_info    0x00026195     0x3971 Src/main.o
 .debug_info    0x00029b06     0x1240 Src/pfe_fonctionsUtilisateur.o
 .debug_info    0x0002ad46     0x169f Src/rx_manager.o
 .debug_info    0x0002c3e5     0x12e7 Src/scrambler.o
 .debug_info    0x0002d6cc     0x195b Src/sensors.o
 .debug_info    0x0002f027      0xb7e Src/sha256.o
 .debug_info    0x0002fba5     0x1cb5 Src/stats.o
 .debug_info    0x0003185a     0x1a5c Src/stm32f4xx_hal_msp.o
 .debug_info    0x000332b6      0xe08 Src/stm32f4xx_it.o
 .debug_info    0x000340be      0xd29 Src/system_stm32f4xx.o
 .debug_info    0x00034de7     0x12cf Src/tx_manager.o
 .debug_info    0x000360b6      0xe8b Src/usb_device.o
 .debug_info    0x00036f41     0x10ef Src/usbd_cdc_if.o
 .debug_info    0x00038030     0x22c7 Src/usbd_conf.o
 .debug_info    0x0003a2f7      0xd66 Src/usbd_desc.o