Archive member included to satisfy reference by file (symbol)

c:/users/franc/documents/_hiver2019/pfe/stm32/sw4stm32/plugins/fr.ac6.mcu.externaltools.arm-none.win32_1.16.0.201807130628/tools/compiler/bin/../lib/gcc/arm-none-eabi/7.2.1/thumb/v7e-m/fpv4-sp/hard\libgcc.a(_aeabi_uldivmod.o)
                              Drivers/STM32F4xx_HAL_Driver/Src/stm32f4xx_hal_rcc.o (__aeabi_uldivmod)
c:/users/franc/documents/_hiver2019/pfe/stm32/sw4stm32/plugins/fr.ac6.mcu.externaltools.arm-none.win32_1.16.0.201807130628/tools/compiler/bin/../lib/gcc/arm-none-eabi/7.2.1/thumb/v7e-m/fpv4-sp/hard\libgcc.a(_udivmoddi4.o)
                              c:/users/franc/documents/_hiver2019/pfe/stm32/sw4stm32/plugins/fr.ac6.mcu.externaltools.arm-none.win32_1.16.0.201807130628/tools/compiler/bin/../lib/gcc/arm-none-eabi/7.2.1/thumb/v7e-m/fpv4-sp/hard\libgcc.a(_aeabi_uldivmod.o) (__udivmoddi4)
c:/users/franc/documents/_hiver2019/pfe/stm32/sw4stm32/plugins/fr.ac6.mcu.externaltools.arm-none.win32_1.16.0.201807130628/tools/compiler/bin/../lib/gcc/arm-none-eabi/7.2.1/thumb/v7e-m/fpv4-sp/hard\libgcc.a(_dvmd_tls.o)
                              c:/users/franc/documents/_hiver2019/pfe/stm32/sw4stm32/plugins/fr.ac6.mcu.externaltools.arm-none.win32_1.16.0.201807130628/tools/compiler/bin/../lib/gcc/arm-none-eabi/7.2.1/thumb/v7e-m/fpv4-sp/hard\libgcc.a(_aeabi_uldivmod.o) (__aeabi_ldiv0)
c:/users/franc/documents/_hiver2019/pfe/stm32/sw4stm32/plugins/fr.ac6.mcu.externaltools.arm-none.win32_1.16.0.201807130628/tools/compiler/bin/../lib/gcc/arm-none-eabi/7.2.1/../../../../arm-none-eabi/lib/thumb/v7e-m/fpv4-sp/hard\libc_nano.a(lib_a-exit.o)
                              c:/users/franc/documents/_hiver2019/pfe/stm32/sw4stm32/plugins/fr.ac6.mcu.externaltools.arm-none.win32_1.16.0.201807130628/tools/compiler/bin/../lib/gcc/arm-none-eabi/7.2.1/../../../../arm-none-eabi/lib/thumb/v7e-m/fpv4-sp/hard/crt0.o (exit)
c:/users/franc/documents/_hiver2019/pfe/stm32/sw4stm32/plugins/fr.ac6.mcu.externaltools.arm-none.win32_1.16.0.201807130628/tools/compiler/bin/../lib/gcc/arm-none-eabi/7.2.1/../../../../arm-none-eabi/lib/thumb/v7e-m/fpv4-sp/hard\libc_nano.a(lib_a-impure.o)
                              c:/users/franc/documents/_hiver2019/pfe/stm32/sw4stm32/plugins/fr.ac6.mcu.externaltools.arm-none.win32_1.16.0.201807130628/tools/compiler/bin/../lib/gcc/arm-none-eabi/7.2.1/../../../../arm-none-eabi/lib/thumb/v7e-m/fpv4-sp/hard\libc_nano.a(lib_a-exit.o) (_global_impure_ptr)
c:/users/franc/documents/_hiver2019/pfe/stm32/sw4stm32/plugins/fr.ac6.mcu.externaltools.arm-none.win32_1.16.0.201807130628/tools/compiler/bin/../lib/gcc/arm-none-eabi/7.2.1/../../../../arm-none-eabi/lib/thumb/v7e-m/fpv4-sp/hard\libc_nano.a(lib_a-init.o)
                              c:/users/franc/documents/_hiver2019/pfe/stm32/sw4stm32/plugins/fr.ac6.mcu.externaltools.arm-none.win32_1.16.0.201807130628/tools/compiler/bin/../lib/gcc/arm-none-eabi/7.2.1/../../../../arm-none-eabi/lib/thumb/v7e-m/fpv4-sp/hard/crt0.o (__libc_init_array)
c:/users/franc/documents/_hiver2019/pfe/stm32/sw4stm32/plugins/fr.ac6.mcu.externaltools.arm-none.win32_1.16.0.201807130628/tools/compiler/bin/../lib/gcc/arm-none-eabi/7.2.1/../../../../arm-none-eabi/lib/thumb/v7e-m/fpv4-sp/hard\libc_nano.a(lib_a-memset.o)
                              c:/users/franc/documents/_hiver2019/pfe/stm32/sw4stm32/plugins/fr.ac6.mcu.externaltools.arm-none.win32_1.16.0.201807130628/tools/compiler/bin/../lib/gcc/arm-none-eabi/7.2.1/../../../../arm-none-eabi/lib/thumb/v7e-m/fpv4-sp/hard/crt0.o (memset)
c:/users/franc/documents/_hiver2019/pfe/stm32/sw4stm32/plugins/fr.ac6.mcu.externaltools.arm-none.win32_1.16.0.201807130628/tools/compiler/bin/../lib/gcc/arm-none-eabi/7.2.1/../../../../arm-none-eabi/lib/thumb/v7e-m/fpv4-sp/hard\libnosys.a(_exit.o)
                              c:/users/franc/documents/_hiver2019/pfe/stm32/sw4stm32/plugins/fr.ac6.mcu.externaltools.arm-none.win32_1.16.0.201807130628/tools/compiler/bin/../lib/gcc/arm-none-eabi/7.2.1/../../../../arm-none-eabi/lib/thumb/v7e-m/fpv4-sp/hard\libc_nano.a(lib_a-exit.o) (_exit)

Allocating common symbols
Common symbol       size              file

uwTick              0x4               Drivers/STM32F4xx_HAL_Driver/Src/stm32f4xx_hal.o
pFlash              0x20              Drivers/STM32F4xx_HAL_Driver/Src/stm32f4xx_hal_flash.o
hspi1               0x58              Src/main.o

Discarded input sections

 .text          0x00000000        0x0 c:/users/franc/documents/_hiver2019/pfe/stm32/sw4stm32/plugins/fr.ac6.mcu.externaltools.arm-none.win32_1.16.0.201807130628/tools/compiler/bin/../lib/gcc/arm-none-eabi/7.2.1/thumb/v7e-m/fpv4-sp/hard/crti.o
 .data          0x00000000        0x0 c:/users/franc/documents/_hiver2019/pfe/stm32/sw4stm32/plugins/fr.ac6.mcu.externaltools.arm-none.win32_1.16.0.201807130628/tools/compiler/bin/../lib/gcc/arm-none-eabi/7.2.1/thumb/v7e-m/fpv4-sp/hard/crti.o
[...]
Memory Configuration

Name             Origin             Length             Attributes
RAM              0x20000000         0x00020000         xrw
CCMRAM           0x10000000         0x00010000         rw
FLASH            0x08000000         0x00080000         xr
*default*        0x00000000         0xffffffff

Linker script and memory map

LOAD c:/users/franc/documents/_hiver2019/pfe/stm32/sw4stm32/plugins/fr.ac6.mcu.externaltools.arm-none.win32_1.16.0.201807130628/tools/compiler/bin/../lib/gcc/arm-none-eabi/7.2.1/thumb/v7e-m/fpv4-sp/hard/crti.o
LOAD c:/users/franc/documents/_hiver2019/pfe/stm32/sw4stm32/plugins/fr.ac6.mcu.externaltools.arm-none.win32_1.16.0.201807130628/tools/compiler/bin/../lib/gcc/arm-none-eabi/7.2.1/thumb/v7e-m/fpv4-sp/hard/crtbegin.o
LOAD c:/users/franc/documents/_hiver2019/pfe/stm32/sw4stm32/plugins/fr.ac6.mcu.externaltools.arm-none.win32_1.16.0.201807130628/tools/compiler/bin/../lib/gcc/arm-none-eabi/7.2.1/../../../../arm-none-eabi/lib/thumb/v7e-m/fpv4-sp/hard/crt0.o
LOAD Drivers/STM32F4xx_HAL_Driver/Src/stm32f4xx_hal.o
LOAD Drivers/STM32F4xx_HAL_Driver/Src/stm32f4xx_hal_cortex.o
LOAD Drivers/STM32F4xx_HAL_Driver/Src/stm32f4xx_hal_dma.o
LOAD Drivers/STM32F4xx_HAL_Driver/Src/stm32f4xx_hal_dma_ex.o
LOAD Drivers/STM32F4xx_HAL_Driver/Src/stm32f4xx_hal_flash.o
LOAD Drivers/STM32F4xx_HAL_Driver/Src/stm32f4xx_hal_flash_ex.o
LOAD Drivers/STM32F4xx_HAL_Driver/Src/stm32f4xx_hal_flash_ramfunc.o
LOAD Drivers/STM32F4xx_HAL_Driver/Src/stm32f4xx_hal_gpio.o
LOAD Drivers/STM32F4xx_HAL_Driver/Src/stm32f4xx_hal_pwr.o
LOAD Drivers/STM32F4xx_HAL_Driver/Src/stm32f4xx_hal_pwr_ex.o
LOAD Drivers/STM32F4xx_HAL_Driver/Src/stm32f4xx_hal_rcc.o
LOAD Drivers/STM32F4xx_HAL_Driver/Src/stm32f4xx_hal_rcc_ex.o
LOAD Drivers/STM32F4xx_HAL_Driver/Src/stm32f4xx_hal_spi.o
LOAD Drivers/STM32F4xx_HAL_Driver/Src/stm32f4xx_hal_tim.o
LOAD Drivers/STM32F4xx_HAL_Driver/Src/stm32f4xx_hal_tim_ex.o
LOAD Src/cc112x_spi.o
LOAD Src/cc_tx_init.o
LOAD Src/comms_manager.o
LOAD Src/cw.o
LOAD Src/main.o
LOAD Src/stm32f4xx_hal_msp.o
LOAD Src/stm32f4xx_it.o
LOAD Src/system_stm32f4xx.o
LOAD Src/tx_manager.o
LOAD startup/startup_stm32f407xx.o
LOAD c:/users/franc/documents/_hiver2019/pfe/stm32/sw4stm32/plugins/fr.ac6.mcu.externaltools.arm-none.win32_1.16.0.201807130628/tools/compiler/bin/../lib/gcc/arm-none-eabi/7.2.1/../../../../arm-none-eabi/lib/thumb/v7e-m/fpv4-sp/hard\libm.a
START GROUP
LOAD c:/users/franc/documents/_hiver2019/pfe/stm32/sw4stm32/plugins/fr.ac6.mcu.externaltools.arm-none.win32_1.16.0.201807130628/tools/compiler/bin/../lib/gcc/arm-none-eabi/7.2.1/thumb/v7e-m/fpv4-sp/hard\libgcc.a
LOAD c:/users/franc/documents/_hiver2019/pfe/stm32/sw4stm32/plugins/fr.ac6.mcu.externaltools.arm-none.win32_1.16.0.201807130628/tools/compiler/bin/../lib/gcc/arm-none-eabi/7.2.1/../../../../arm-none-eabi/lib/thumb/v7e-m/fpv4-sp/hard\libc_nano.a
END GROUP
START GROUP
LOAD c:/users/franc/documents/_hiver2019/pfe/stm32/sw4stm32/plugins/fr.ac6.mcu.externaltools.arm-none.win32_1.16.0.201807130628/tools/compiler/bin/../lib/gcc/arm-none-eabi/7.2.1/thumb/v7e-m/fpv4-sp/hard\libgcc.a
LOAD c:/users/franc/documents/_hiver2019/pfe/stm32/sw4stm32/plugins/fr.ac6.mcu.externaltools.arm-none.win32_1.16.0.201807130628/tools/compiler/bin/../lib/gcc/arm-none-eabi/7.2.1/../../../../arm-none-eabi/lib/thumb/v7e-m/fpv4-sp/hard\libc_nano.a
LOAD c:/users/franc/documents/_hiver2019/pfe/stm32/sw4stm32/plugins/fr.ac6.mcu.externaltools.arm-none.win32_1.16.0.201807130628/tools/compiler/bin/../lib/gcc/arm-none-eabi/7.2.1/../../../../arm-none-eabi/lib/thumb/v7e-m/fpv4-sp/hard\libnosys.a
END GROUP
START GROUP
LOAD c:/users/franc/documents/_hiver2019/pfe/stm32/sw4stm32/plugins/fr.ac6.mcu.externaltools.arm-none.win32_1.16.0.201807130628/tools/compiler/bin/../lib/gcc/arm-none-eabi/7.2.1/thumb/v7e-m/fpv4-sp/hard\libgcc.a
LOAD c:/users/franc/documents/_hiver2019/pfe/stm32/sw4stm32/plugins/fr.ac6.mcu.externaltools.arm-none.win32_1.16.0.201807130628/tools/compiler/bin/../lib/gcc/arm-none-eabi/7.2.1/../../../../arm-none-eabi/lib/thumb/v7e-m/fpv4-sp/hard\libc_nano.a
LOAD c:/users/franc/documents/_hiver2019/pfe/stm32/sw4stm32/plugins/fr.ac6.mcu.externaltools.arm-none.win32_1.16.0.201807130628/tools/compiler/bin/../lib/gcc/arm-none-eabi/7.2.1/../../../../arm-none-eabi/lib/thumb/v7e-m/fpv4-sp/hard\libnosys.a
END GROUP
LOAD c:/users/franc/documents/_hiver2019/pfe/stm32/sw4stm32/plugins/fr.ac6.mcu.externaltools.arm-none.win32_1.16.0.201807130628/tools/compiler/bin/../lib/gcc/arm-none-eabi/7.2.1/thumb/v7e-m/fpv4-sp/hard/crtend.o
LOAD c:/users/franc/documents/_hiver2019/pfe/stm32/sw4stm32/plugins/fr.ac6.mcu.externaltools.arm-none.win32_1.16.0.201807130628/tools/compiler/bin/../lib/gcc/arm-none-eabi/7.2.1/thumb/v7e-m/fpv4-sp/hard/crtn.o
                0x20020000                _estack = 0x20020000
                0x00000200                _Min_Heap_Size = 0x200
                0x00000400                _Min_Stack_Size = 0x400

.isr_vector     0x08000000      0x188
                0x08000000                . = ALIGN (0x4)
 *(.isr_vector)
 .isr_vector    0x08000000      0x188 startup/startup_stm32f407xx.o
                0x08000000                g_pfnVectors
                0x08000188                . = ALIGN (0x4)

.text           0x08000188     0x1b80
                0x08000188                . = ALIGN (0x4)
 *(.text)
 .text          0x08000188       0x40 c:/users/franc/documents/_hiver2019/pfe/stm32/sw4stm32/plugins/fr.ac6.mcu.externaltools.arm-none.win32_1.16.0.201807130628/tools/compiler/bin/../lib/gcc/arm-none-eabi/7.2.1/thumb/v7e-m/fpv4-sp/hard/crtbegin.o
 .text          0x080001c8       0x30 c:/users/franc/documents/_hiver2019/pfe/stm32/sw4stm32/plugins/fr.ac6.mcu.externaltools.arm-none.win32_1.16.0.201807130628/tools/compiler/bin/../lib/gcc/arm-none-eabi/7.2.1/thumb/v7e-m/fpv4-sp/hard\libgcc.a(_aeabi_uldivmod.o)
                0x080001c8                __aeabi_uldivmod
 .text          0x080001f8      0x2cc c:/users/franc/documents/_hiver2019/pfe/stm32/sw4stm32/plugins/fr.ac6.mcu.externaltools.arm-none.win32_1.16.0.201807130628/tools/compiler/bin/../lib/gcc/arm-none-eabi/7.2.1/thumb/v7e-m/fpv4-sp/hard\libgcc.a(_udivmoddi4.o)
                0x080001f8                __udivmoddi4
 .text          0x080004c4        0x4 c:/users/franc/documents/_hiver2019/pfe/stm32/sw4stm32/plugins/fr.ac6.mcu.externaltools.arm-none.win32_1.16.0.201807130628/tools/compiler/bin/../lib/gcc/arm-none-eabi/7.2.1/thumb/v7e-m/fpv4-sp/hard\libgcc.a(_dvmd_tls.o)
                0x080004c4                __aeabi_idiv0
                0x080004c4                __aeabi_ldiv0
 *(.text*)
 .text.HAL_InitTick
                0x080004c8       0x48 Drivers/STM32F4xx_HAL_Driver/Src/stm32f4xx_hal.o
                0x080004c8                HAL_InitTick
 .text.HAL_Init
                0x08000510       0x34 Drivers/STM32F4xx_HAL_Driver/Src/stm32f4xx_hal.o
                0x08000510                HAL_Init
 .text.HAL_IncTick
                0x08000544       0x18 Drivers/STM32F4xx_HAL_Driver/Src/stm32f4xx_hal.o
                0x08000544                HAL_IncTick
 .text.HAL_GetTick
                0x0800055c        0xc Drivers/STM32F4xx_HAL_Driver/Src/stm32f4xx_hal.o
                0x0800055c                HAL_GetTick
 .text.HAL_Delay
                0x08000568       0x28 Drivers/STM32F4xx_HAL_Driver/Src/stm32f4xx_hal.o
                0x08000568                HAL_Delay
 .text.HAL_NVIC_SetPriorityGrouping
                0x08000590       0x24 Drivers/STM32F4xx_HAL_Driver/Src/stm32f4xx_hal_cortex.o
                0x08000590                HAL_NVIC_SetPriorityGrouping
 .text.HAL_NVIC_SetPriority
                0x080005b4       0x68 Drivers/STM32F4xx_HAL_Driver/Src/stm32f4xx_hal_cortex.o
                0x080005b4                HAL_NVIC_SetPriority
 .text.HAL_SYSTICK_Config
                0x0800061c       0x2c Drivers/STM32F4xx_HAL_Driver/Src/stm32f4xx_hal_cortex.o
                0x0800061c                HAL_SYSTICK_Config
 .text.HAL_SYSTICK_CLKSourceConfig
                0x08000648       0x20 Drivers/STM32F4xx_HAL_Driver/Src/stm32f4xx_hal_cortex.o
                0x08000648                HAL_SYSTICK_CLKSourceConfig
 .text.HAL_SYSTICK_Callback
                0x08000668        0x2 Drivers/STM32F4xx_HAL_Driver/Src/stm32f4xx_hal_cortex.o
                0x08000668                HAL_SYSTICK_Callback
 .text.HAL_SYSTICK_IRQHandler
                0x0800066a        0x8 Drivers/STM32F4xx_HAL_Driver/Src/stm32f4xx_hal_cortex.o
                0x0800066a                HAL_SYSTICK_IRQHandler
 *fill*         0x08000672        0x2 
 .text.HAL_GPIO_Init
                0x08000674      0x1c8 Drivers/STM32F4xx_HAL_Driver/Src/stm32f4xx_hal_gpio.o
                0x08000674                HAL_GPIO_Init
 .text.HAL_GPIO_WritePin
                0x0800083c        0xc Drivers/STM32F4xx_HAL_Driver/Src/stm32f4xx_hal_gpio.o
                0x0800083c                HAL_GPIO_WritePin
 .text.HAL_RCC_OscConfig
                0x08000848      0x398 Drivers/STM32F4xx_HAL_Driver/Src/stm32f4xx_hal_rcc.o
                0x08000848                HAL_RCC_OscConfig
 .text.HAL_RCC_GetSysClockFreq
                0x08000be0       0xa8 Drivers/STM32F4xx_HAL_Driver/Src/stm32f4xx_hal_rcc.o
                0x08000be0                HAL_RCC_GetSysClockFreq
 .text.HAL_RCC_ClockConfig
                0x08000c88      0x158 Drivers/STM32F4xx_HAL_Driver/Src/stm32f4xx_hal_rcc.o
                0x08000c88                HAL_RCC_ClockConfig
 .text.HAL_RCC_GetHCLKFreq
                0x08000de0        0xc Drivers/STM32F4xx_HAL_Driver/Src/stm32f4xx_hal_rcc.o
                0x08000de0                HAL_RCC_GetHCLKFreq
 .text.SPI_WaitFlagStateUntilTimeout
                0x08000dec       0x96 Drivers/STM32F4xx_HAL_Driver/Src/stm32f4xx_hal_spi.o
 .text.SPI_CheckFlag_BSY
                0x08000e82       0x28 Drivers/STM32F4xx_HAL_Driver/Src/stm32f4xx_hal_spi.o
 .text.HAL_SPI_Init
                0x08000eaa       0x80 Drivers/STM32F4xx_HAL_Driver/Src/stm32f4xx_hal_spi.o
                0x08000eaa                HAL_SPI_Init
 .text.HAL_SPI_TransmitReceive
                0x08000f2a      0x238 Drivers/STM32F4xx_HAL_Driver/Src/stm32f4xx_hal_spi.o
                0x08000f2a                HAL_SPI_TransmitReceive
 *fill*         0x08001162        0x2 
 .text.cc_tx_rd_reg
                0x08001164       0x7c Src/cc112x_spi.o
                0x08001164                cc_tx_rd_reg
 .text.cc_tx_wr_reg
                0x080011e0       0x90 Src/cc112x_spi.o
                0x080011e0                cc_tx_wr_reg
 .text.cc_tx_cmd
                0x08001270       0x48 Src/cc112x_spi.o
                0x08001270                cc_tx_cmd
 .text.cc_tx_cw
                0x080012b8       0x62 Src/cc112x_spi.o
                0x080012b8                cc_tx_cw
 *fill*         0x0800131a        0x2 
 .text.tx_registerConfig
                0x0800131c       0x28 Src/cc_tx_init.o
                0x0800131c                tx_registerConfig
 .text.tx_cw_registerConfig
                0x08001344       0x2c Src/cc_tx_init.o
                0x08001344                tx_cw_registerConfig
 .text.comms_init
                0x08001370       0x50 Src/comms_manager.o
                0x08001370                comms_init
 .text.send_payload_cw
                0x080013c0       0x14 Src/comms_manager.o
                0x080013c0                send_payload_cw
 .text.send_cw_beacon
                0x080013d4       0x24 Src/comms_manager.o
                0x080013d4                send_cw_beacon
 .text.cw_encode
                0x080013f8       0x80 Src/cw.o
                0x080013f8                cw_encode
 .text.cw_init  0x08001478      0x468 Src/cw.o
                0x08001478                cw_init
 .text.MX_GPIO_Init
                0x080018e0       0x98 Src/main.o
 .text._Error_Handler
                0x08001978        0x2 Src/main.o
                0x08001978                _Error_Handler
 *fill*         0x0800197a        0x2 
 .text.MX_SPI1_Init
                0x0800197c       0x48 Src/main.o
 .text.SystemClock_Config
                0x080019c4       0xa8 Src/main.o
                0x080019c4                SystemClock_Config
 .text.main     0x08001a6c       0x44 Src/main.o
                0x08001a6c                main
 .text.HAL_MspInit
                0x08001ab0       0x94 Src/stm32f4xx_hal_msp.o
                0x08001ab0                HAL_MspInit
 .text.HAL_SPI_MspInit
                0x08001b44       0x50 Src/stm32f4xx_hal_msp.o
                0x08001b44                HAL_SPI_MspInit
 .text.NMI_Handler
                0x08001b94        0x2 Src/stm32f4xx_it.o
                0x08001b94                NMI_Handler
 .text.HardFault_Handler
                0x08001b96        0x2 Src/stm32f4xx_it.o
                0x08001b96                HardFault_Handler
 .text.MemManage_Handler
                0x08001b98        0x2 Src/stm32f4xx_it.o
                0x08001b98                MemManage_Handler
 .text.BusFault_Handler
                0x08001b9a        0x2 Src/stm32f4xx_it.o
                0x08001b9a                BusFault_Handler
 .text.UsageFault_Handler
                0x08001b9c        0x2 Src/stm32f4xx_it.o
                0x08001b9c                UsageFault_Handler
 .text.SVC_Handler
                0x08001b9e        0x2 Src/stm32f4xx_it.o
                0x08001b9e                SVC_Handler
 .text.DebugMon_Handler
                0x08001ba0        0x2 Src/stm32f4xx_it.o
                0x08001ba0                DebugMon_Handler
 .text.PendSV_Handler
                0x08001ba2        0x2 Src/stm32f4xx_it.o
                0x08001ba2                PendSV_Handler
 .text.SysTick_Handler
                0x08001ba4        0xc Src/stm32f4xx_it.o
                0x08001ba4                SysTick_Handler
 .text.SystemInit
                0x08001bb0       0x4c Src/system_stm32f4xx.o
                0x08001bb0                SystemInit
 .text.tx_data_cw
                0x08001bfc       0x48 Src/tx_manager.o
                0x08001bfc                tx_data_cw
 .text.Reset_Handler
                0x08001c44       0x50 startup/startup_stm32f407xx.o
                0x08001c44                Reset_Handler
 .text.Default_Handler
                0x08001c94        0x2 startup/startup_stm32f407xx.o
                0x08001c94                RTC_Alarm_IRQHandler
                0x08001c94                HASH_RNG_IRQHandler
                0x08001c94                EXTI2_IRQHandler
                0x08001c94                TIM8_CC_IRQHandler
                0x08001c94                TIM1_CC_IRQHandler
                0x08001c94                DMA2_Stream5_IRQHandler
                0x08001c94                DMA1_Stream5_IRQHandler
                0x08001c94                PVD_IRQHandler
                0x08001c94                SDIO_IRQHandler
                0x08001c94                TAMP_STAMP_IRQHandler
                0x08001c94                CAN2_RX1_IRQHandler
                0x08001c94                EXTI3_IRQHandler
                0x08001c94                TIM8_TRG_COM_TIM14_IRQHandler
                0x08001c94                TIM1_UP_TIM10_IRQHandler
                0x08001c94                TIM8_UP_TIM13_IRQHandler
                0x08001c94                I2C3_ER_IRQHandler
                0x08001c94                EXTI0_IRQHandler
                0x08001c94                I2C2_EV_IRQHandler
                0x08001c94                DMA1_Stream2_IRQHandler
                0x08001c94                CAN1_RX0_IRQHandler
                0x08001c94                FPU_IRQHandler
                0x08001c94                OTG_HS_WKUP_IRQHandler
                0x08001c94                CAN2_SCE_IRQHandler
                0x08001c94                DMA2_Stream2_IRQHandler
                0x08001c94                SPI1_IRQHandler
                0x08001c94                TIM6_DAC_IRQHandler
                0x08001c94                TIM1_BRK_TIM9_IRQHandler
                0x08001c94                DCMI_IRQHandler
                0x08001c94                CAN2_RX0_IRQHandler
                0x08001c94                DMA2_Stream3_IRQHandler
                0x08001c94                USART6_IRQHandler
                0x08001c94                USART3_IRQHandler
                0x08001c94                CAN1_RX1_IRQHandler
                0x08001c94                UART5_IRQHandler
                0x08001c94                DMA2_Stream0_IRQHandler
                0x08001c94                TIM4_IRQHandler
                0x08001c94                I2C1_EV_IRQHandler
                0x08001c94                DMA1_Stream6_IRQHandler
                0x08001c94                DMA1_Stream1_IRQHandler
                0x08001c94                UART4_IRQHandler
                0x08001c94                TIM3_IRQHandler
                0x08001c94                RCC_IRQHandler
                0x08001c94                TIM8_BRK_TIM12_IRQHandler
                0x08001c94                Default_Handler
                0x08001c94                EXTI15_10_IRQHandler
                0x08001c94                ADC_IRQHandler
                0x08001c94                DMA1_Stream7_IRQHandler
                0x08001c94                TIM7_IRQHandler
                0x08001c94                CAN2_TX_IRQHandler
                0x08001c94                TIM5_IRQHandler
                0x08001c94                DMA2_Stream7_IRQHandler
                0x08001c94                I2C3_EV_IRQHandler
                0x08001c94                EXTI9_5_IRQHandler
                0x08001c94                RTC_WKUP_IRQHandler
                0x08001c94                ETH_WKUP_IRQHandler
                0x08001c94                SPI2_IRQHandler
                0x08001c94                OTG_HS_EP1_IN_IRQHandler
                0x08001c94                DMA1_Stream0_IRQHandler
                0x08001c94                CAN1_TX_IRQHandler
                0x08001c94                EXTI4_IRQHandler
                0x08001c94                FSMC_IRQHandler
                0x08001c94                ETH_IRQHandler
                0x08001c94                OTG_HS_EP1_OUT_IRQHandler
                0x08001c94                WWDG_IRQHandler
                0x08001c94                TIM2_IRQHandler
                0x08001c94                OTG_FS_WKUP_IRQHandler
                0x08001c94                TIM1_TRG_COM_TIM11_IRQHandler
                0x08001c94                OTG_HS_IRQHandler
                0x08001c94                EXTI1_IRQHandler
                0x08001c94                USART2_IRQHandler
                0x08001c94                I2C2_ER_IRQHandler
                0x08001c94                DMA2_Stream1_IRQHandler
                0x08001c94                CAN1_SCE_IRQHandler
                0x08001c94                FLASH_IRQHandler
                0x08001c94                DMA2_Stream4_IRQHandler
                0x08001c94                USART1_IRQHandler
                0x08001c94                OTG_FS_IRQHandler
                0x08001c94                SPI3_IRQHandler
                0x08001c94                DMA1_Stream4_IRQHandler
                0x08001c94                I2C1_ER_IRQHandler
                0x08001c94                DMA2_Stream6_IRQHandler
                0x08001c94                DMA1_Stream3_IRQHandler
 *fill*         0x08001c96        0x2 
 .text.__libc_init_array
                0x08001c98       0x48 c:/users/franc/documents/_hiver2019/pfe/stm32/sw4stm32/plugins/fr.ac6.mcu.externaltools.arm-none.win32_1.16.0.201807130628/tools/compiler/bin/../lib/gcc/arm-none-eabi/7.2.1/../../../../arm-none-eabi/lib/thumb/v7e-m/fpv4-sp/hard\libc_nano.a(lib_a-init.o)
                0x08001c98                __libc_init_array
 .text.memset   0x08001ce0       0x10 c:/users/franc/documents/_hiver2019/pfe/stm32/sw4stm32/plugins/fr.ac6.mcu.externaltools.arm-none.win32_1.16.0.201807130628/tools/compiler/bin/../lib/gcc/arm-none-eabi/7.2.1/../../../../arm-none-eabi/lib/thumb/v7e-m/fpv4-sp/hard\libc_nano.a(lib_a-memset.o)
                0x08001ce0                memset
 *(.glue_7)
 .glue_7        0x08001cf0        0x0 linker stubs
 *(.glue_7t)
 .glue_7t       0x08001cf0        0x0 linker stubs
 *(.eh_frame)
 .eh_frame      0x08001cf0        0x0 c:/users/franc/documents/_hiver2019/pfe/stm32/sw4stm32/plugins/fr.ac6.mcu.externaltools.arm-none.win32_1.16.0.201807130628/tools/compiler/bin/../lib/gcc/arm-none-eabi/7.2.1/thumb/v7e-m/fpv4-sp/hard/crtbegin.o
 *(.init)
 .init          0x08001cf0        0x4 c:/users/franc/documents/_hiver2019/pfe/stm32/sw4stm32/plugins/fr.ac6.mcu.externaltools.arm-none.win32_1.16.0.201807130628/tools/compiler/bin/../lib/gcc/arm-none-eabi/7.2.1/thumb/v7e-m/fpv4-sp/hard/crti.o
                0x08001cf0                _init
 .init          0x08001cf4        0x8 c:/users/franc/documents/_hiver2019/pfe/stm32/sw4stm32/plugins/fr.ac6.mcu.externaltools.arm-none.win32_1.16.0.201807130628/tools/compiler/bin/../lib/gcc/arm-none-eabi/7.2.1/thumb/v7e-m/fpv4-sp/hard/crtn.o
 *(.fini)
 .fini          0x08001cfc        0x4 c:/users/franc/documents/_hiver2019/pfe/stm32/sw4stm32/plugins/fr.ac6.mcu.externaltools.arm-none.win32_1.16.0.201807130628/tools/compiler/bin/../lib/gcc/arm-none-eabi/7.2.1/thumb/v7e-m/fpv4-sp/hard/crti.o
                0x08001cfc                _fini
 .fini          0x08001d00        0x8 c:/users/franc/documents/_hiver2019/pfe/stm32/sw4stm32/plugins/fr.ac6.mcu.externaltools.arm-none.win32_1.16.0.201807130628/tools/compiler/bin/../lib/gcc/arm-none-eabi/7.2.1/thumb/v7e-m/fpv4-sp/hard/crtn.o
                0x08001d08                . = ALIGN (0x4)
                0x08001d08                _etext = .

.vfp11_veneer   0x08001d08        0x0
 .vfp11_veneer  0x08001d08        0x0 linker stubs

.v4_bx          0x08001d08        0x0
 .v4_bx         0x08001d08        0x0 linker stubs

.iplt           0x08001d08        0x0
 .iplt          0x08001d08        0x0 c:/users/franc/documents/_hiver2019/pfe/stm32/sw4stm32/plugins/fr.ac6.mcu.externaltools.arm-none.win32_1.16.0.201807130628/tools/compiler/bin/../lib/gcc/arm-none-eabi/7.2.1/thumb/v7e-m/fpv4-sp/hard/crtbegin.o

.rodata         0x08001d08      0x3a0
                0x08001d08                . = ALIGN (0x4)
 *(.rodata)
 .rodata        0x08001d08      0x360 Src/cc_tx_init.o
                0x08001ef0                CW_preferredSettings
 .rodata        0x08002068       0x18 Src/cw.o
 .rodata        0x08002080       0x18 Src/system_stm32f4xx.o
                0x08002080                AHBPrescTable
                0x08002090                APBPrescTable
 *(.rodata*)
 .rodata.str1.4
                0x08002098       0x10 Src/main.o
                                  0xe (size before relaxing)
                0x080020a8                . = ALIGN (0x4)

.ARM.extab
 *(.ARM.extab* .gnu.linkonce.armextab.*)

.ARM            0x080020a8        0x8
                0x080020a8                __exidx_start = .
 *(.ARM.exidx*)
 .ARM.exidx     0x080020a8        0x8 c:/users/franc/documents/_hiver2019/pfe/stm32/sw4stm32/plugins/fr.ac6.mcu.externaltools.arm-none.win32_1.16.0.201807130628/tools/compiler/bin/../lib/gcc/arm-none-eabi/7.2.1/thumb/v7e-m/fpv4-sp/hard\libgcc.a(_udivmoddi4.o)
                0x080020b0                __exidx_end = .

.rel.dyn        0x080020b0        0x0
 .rel.iplt      0x080020b0        0x0 c:/users/franc/documents/_hiver2019/pfe/stm32/sw4stm32/plugins/fr.ac6.mcu.externaltools.arm-none.win32_1.16.0.201807130628/tools/compiler/bin/../lib/gcc/arm-none-eabi/7.2.1/thumb/v7e-m/fpv4-sp/hard/crtbegin.o

.preinit_array  0x080020b0        0x0
                0x080020b0                PROVIDE (__preinit_array_start, .)
 *(.preinit_array*)
                0x080020b0                PROVIDE (__preinit_array_end, .)

.init_array     0x080020b0        0x4
                0x080020b0                PROVIDE (__init_array_start, .)
 *(SORT_BY_NAME(.init_array.*))
 *(.init_array*)
 .init_array    0x080020b0        0x4 c:/users/franc/documents/_hiver2019/pfe/stm32/sw4stm32/plugins/fr.ac6.mcu.externaltools.arm-none.win32_1.16.0.201807130628/tools/compiler/bin/../lib/gcc/arm-none-eabi/7.2.1/thumb/v7e-m/fpv4-sp/hard/crtbegin.o
                0x080020b4                PROVIDE (__init_array_end, .)

.fini_array     0x080020b4        0x4
                [!provide]                PROVIDE (__fini_array_start, .)
 *(SORT_BY_NAME(.fini_array.*))
 *(.fini_array*)
 .fini_array    0x080020b4        0x4 c:/users/franc/documents/_hiver2019/pfe/stm32/sw4stm32/plugins/fr.ac6.mcu.externaltools.arm-none.win32_1.16.0.201807130628/tools/compiler/bin/../lib/gcc/arm-none-eabi/7.2.1/thumb/v7e-m/fpv4-sp/hard/crtbegin.o
                [!provide]                PROVIDE (__fini_array_end, .)
                0x080020b8                _sidata = LOADADDR (.data)

.data           0x20000000        0xc load address 0x080020b8
                0x20000000                . = ALIGN (0x4)
                0x20000000                _sdata = .
 *(.data)
 .data          0x20000000        0x8 Drivers/STM32F4xx_HAL_Driver/Src/stm32f4xx_hal.o
                0x20000000                uwTickFreq
                0x20000004                uwTickPrio
 .data          0x20000008        0x4 Src/system_stm32f4xx.o
                0x20000008                SystemCoreClock
 *(.data*)
                0x2000000c                . = ALIGN (0x4)
                0x2000000c                _edata = .
                0x080020c4                _siccmram = LOADADDR (.ccmram)

.igot.plt       0x2000000c        0x0 load address 0x080020c4
 .igot.plt      0x2000000c        0x0 c:/users/franc/documents/_hiver2019/pfe/stm32/sw4stm32/plugins/fr.ac6.mcu.externaltools.arm-none.win32_1.16.0.201807130628/tools/compiler/bin/../lib/gcc/arm-none-eabi/7.2.1/thumb/v7e-m/fpv4-sp/hard/crtbegin.o

.ccmram         0x10000000        0x0 load address 0x080020c4
                0x10000000                . = ALIGN (0x4)
                0x10000000                _sccmram = .
 *(.ccmram)
 *(.ccmram*)
                0x10000000                . = ALIGN (0x4)
                0x10000000                _eccmram = .
                0x10000000                . = ALIGN (0x4)

.bss            0x2000000c     0x5eb4
                0x2000000c                _sbss = .
                0x2000000c                __bss_start__ = _sbss
 *(.bss)
 .bss           0x2000000c       0x1c c:/users/franc/documents/_hiver2019/pfe/stm32/sw4stm32/plugins/fr.ac6.mcu.externaltools.arm-none.win32_1.16.0.201807130628/tools/compiler/bin/../lib/gcc/arm-none-eabi/7.2.1/thumb/v7e-m/fpv4-sp/hard/crtbegin.o
 .bss           0x20000028      0x100 Src/comms_manager.o
 .bss           0x20000128      0xc00 Src/cw.o
 .bss           0x20000d28     0x513c Src/tx_manager.o
 *(.bss*)
 *(COMMON)
 COMMON         0x20005e64        0x4 Drivers/STM32F4xx_HAL_Driver/Src/stm32f4xx_hal.o
                0x20005e64                uwTick
 COMMON         0x20005e68       0x58 Src/main.o
                0x20005e68                hspi1
                0x20005ec0                . = ALIGN (0x4)
                0x20005ec0                _ebss = .
                0x20005ec0                __bss_end__ = _ebss

._user_heap_stack
                0x20005ec0      0x600
                0x20005ec0                . = ALIGN (0x8)
                [!provide]                PROVIDE (end, .)
                [!provide]                PROVIDE (_end, .)
                0x200060c0                . = (. + _Min_Heap_Size)
 *fill*         0x20005ec0      0x200 
                0x200064c0                . = (. + _Min_Stack_Size)
 *fill*         0x200060c0      0x400 
                0x200064c0                . = ALIGN (0x8)

/DISCARD/
 libc.a(*)
 libm.a(*)
 libgcc.a(*)

.ARM.attributes
                0x00000000       0x30
 *(.ARM.attributes)
 .ARM.attributes
                0x00000000       0x22 c:/users/franc/documents/_hiver2019/pfe/stm32/sw4stm32/plugins/fr.ac6.mcu.externaltools.arm-none.win32_1.16.0.201807130628/tools/compiler/bin/../lib/gcc/arm-none-eabi/7.2.1/thumb/v7e-m/fpv4-sp/hard/crti.o
 .ARM.attributes
                0x00000022       0x34 c:/users/franc/documents/_hiver2019/pfe/stm32/sw4stm32/plugins/fr.ac6.mcu.externaltools.arm-none.win32_1.16.0.201807130628/tools/compiler/bin/../lib/gcc/arm-none-eabi/7.2.1/thumb/v7e-m/fpv4-sp/hard/crtbegin.o
 .ARM.attributes
                0x00000056       0x39 Drivers/STM32F4xx_HAL_Driver/Src/stm32f4xx_hal.o
 .ARM.attributes
                0x0000008f       0x39 Drivers/STM32F4xx_HAL_Driver/Src/stm32f4xx_hal_cortex.o
 .ARM.attributes
                0x000000c8       0x39 Drivers/STM32F4xx_HAL_Driver/Src/stm32f4xx_hal_gpio.o
 .ARM.attributes
                0x00000101       0x39 Drivers/STM32F4xx_HAL_Driver/Src/stm32f4xx_hal_rcc.o
 .ARM.attributes
                0x0000013a       0x39 Drivers/STM32F4xx_HAL_Driver/Src/stm32f4xx_hal_spi.o
 .ARM.attributes
                0x00000173       0x39 Src/cc112x_spi.o
 .ARM.attributes
                0x000001ac       0x39 Src/cc_tx_init.o
 .ARM.attributes
                0x000001e5       0x39 Src/comms_manager.o
 .ARM.attributes
                0x0000021e       0x39 Src/cw.o
 .ARM.attributes
                0x00000257       0x39 Src/main.o
 .ARM.attributes
                0x00000290       0x39 Src/stm32f4xx_hal_msp.o
 .ARM.attributes
                0x000002c9       0x39 Src/stm32f4xx_it.o
 .ARM.attributes
                0x00000302       0x39 Src/system_stm32f4xx.o
 .ARM.attributes
                0x0000033b       0x39 Src/tx_manager.o
 .ARM.attributes
                0x00000374       0x21 startup/startup_stm32f407xx.o
 .ARM.attributes
                0x00000395       0x22 c:/users/franc/documents/_hiver2019/pfe/stm32/sw4stm32/plugins/fr.ac6.mcu.externaltools.arm-none.win32_1.16.0.201807130628/tools/compiler/bin/../lib/gcc/arm-none-eabi/7.2.1/thumb/v7e-m/fpv4-sp/hard\libgcc.a(_aeabi_uldivmod.o)
 .ARM.attributes
                0x000003b7       0x34 c:/users/franc/documents/_hiver2019/pfe/stm32/sw4stm32/plugins/fr.ac6.mcu.externaltools.arm-none.win32_1.16.0.201807130628/tools/compiler/bin/../lib/gcc/arm-none-eabi/7.2.1/thumb/v7e-m/fpv4-sp/hard\libgcc.a(_udivmoddi4.o)
 .ARM.attributes
                0x000003eb       0x22 c:/users/franc/documents/_hiver2019/pfe/stm32/sw4stm32/plugins/fr.ac6.mcu.externaltools.arm-none.win32_1.16.0.201807130628/tools/compiler/bin/../lib/gcc/arm-none-eabi/7.2.1/thumb/v7e-m/fpv4-sp/hard\libgcc.a(_dvmd_tls.o)
 .ARM.attributes
                0x0000040d       0x34 c:/users/franc/documents/_hiver2019/pfe/stm32/sw4stm32/plugins/fr.ac6.mcu.externaltools.arm-none.win32_1.16.0.201807130628/tools/compiler/bin/../lib/gcc/arm-none-eabi/7.2.1/../../../../arm-none-eabi/lib/thumb/v7e-m/fpv4-sp/hard\libc_nano.a(lib_a-init.o)
 .ARM.attributes
                0x00000441       0x34 c:/users/franc/documents/_hiver2019/pfe/stm32/sw4stm32/plugins/fr.ac6.mcu.externaltools.arm-none.win32_1.16.0.201807130628/tools/compiler/bin/../lib/gcc/arm-none-eabi/7.2.1/../../../../arm-none-eabi/lib/thumb/v7e-m/fpv4-sp/hard\libc_nano.a(lib_a-memset.o)
 .ARM.attributes
                0x00000475       0x22 c:/users/franc/documents/_hiver2019/pfe/stm32/sw4stm32/plugins/fr.ac6.mcu.externaltools.arm-none.win32_1.16.0.201807130628/tools/compiler/bin/../lib/gcc/arm-none-eabi/7.2.1/thumb/v7e-m/fpv4-sp/hard/crtn.o
OUTPUT(InstructablePF0.elf elf32-littlearm)

.debug_info     0x00000000     0xf704
 .debug_info    0x00000000     0x11d9 Drivers/STM32F4xx_HAL_Driver/Src/stm32f4xx_hal.o
 .debug_info    0x000011d9     0x1755 Drivers/STM32F4xx_HAL_Driver/Src/stm32f4xx_hal_cortex.o
 .debug_info    0x0000292e      0xf93 Drivers/STM32F4xx_HAL_Driver/Src/stm32f4xx_hal_gpio.o
 .debug_info    0x000038c1     0x125b Drivers/STM32F4xx_HAL_Driver/Src/stm32f4xx_hal_rcc.o
 .debug_info    0x00004b1c     0x2207 Drivers/STM32F4xx_HAL_Driver/Src/stm32f4xx_hal_spi.o
 .debug_info    0x00006d23     0x156a Src/cc112x_spi.o
 .debug_info    0x0000828d      0xd1a Src/cc_tx_init.o
 .debug_info    0x00008fa7      0xc2c Src/comms_manager.o
 .debug_info    0x00009bd3      0xaf5 Src/cw.o
 .debug_info    0x0000a6c8     0x183a Src/main.o
 .debug_info    0x0000bf02     0x14db Src/stm32f4xx_hal_msp.o
 .debug_info    0x0000d3dd      0xa03 Src/stm32f4xx_it.o
 .debug_info    0x0000dde0      0xd29 Src/system_stm32f4xx.o
 .debug_info    0x0000eb09      0xbd9 Src/tx_manager.o
 .debug_info    0x0000f6e2       0x22 startup/startup_stm32f407xx.o

.debug_abbrev   0x00000000     0x25ee
 .debug_abbrev  0x00000000      0x2e5 Drivers/STM32F4xx_HAL_Driver/Src/stm32f4xx_hal.o
 .debug_abbrev  0x000002e5      0x3d6 Drivers/STM32F4xx_HAL_Driver/Src/stm32f4xx_hal_cortex.o
 .debug_abbrev  0x000006bb      0x2a7 Drivers/STM32F4xx_HAL_Driver/Src/stm32f4xx_hal_gpio.o
 .debug_abbrev  0x00000962      0x333 Drivers/STM32F4xx_HAL_Driver/Src/stm32f4xx_hal_rcc.o
 .debug_abbrev  0x00000c95      0x2f2 Drivers/STM32F4xx_HAL_Driver/Src/stm32f4xx_hal_spi.o
 .debug_abbrev  0x00000f87      0x33f Src/cc112x_spi.o
 .debug_abbrev  0x000012c6      0x224 Src/cc_tx_init.o
 .debug_abbrev  0x000014ea      0x2c9 Src/comms_manager.o
 .debug_abbrev  0x000017b3      0x28b Src/cw.o
 .debug_abbrev  0x00001a3e      0x2e3 Src/main.o
 .debug_abbrev  0x00001d21      0x254 Src/stm32f4xx_hal_msp.o
 .debug_abbrev  0x00001f75      0x1f8 Src/stm32f4xx_it.o
 .debug_abbrev  0x0000216d      0x205 Src/system_stm32f4xx.o
 .debug_abbrev  0x00002372      0x26a Src/tx_manager.o
 .debug_abbrev  0x000025dc       0x12 startup/startup_stm32f407xx.o

.debug_loc      0x00000000     0x3b43
 .debug_loc     0x00000000       0xfd Drivers/STM32F4xx_HAL_Driver/Src/stm32f4xx_hal.o
 .debug_loc     0x000000fd      0x5ce Drivers/STM32F4xx_HAL_Driver/Src/stm32f4xx_hal_cortex.o
 .debug_loc     0x000006cb      0x469 Drivers/STM32F4xx_HAL_Driver/Src/stm32f4xx_hal_gpio.o
 .debug_loc     0x00000b34      0x3f1 Drivers/STM32F4xx_HAL_Driver/Src/stm32f4xx_hal_rcc.o
 .debug_loc     0x00000f25     0x1937 Drivers/STM32F4xx_HAL_Driver/Src/stm32f4xx_hal_spi.o
 .debug_loc     0x0000285c      0x1b4 Src/cc112x_spi.o
 .debug_loc     0x00002a10      0x10c Src/cc_tx_init.o
 .debug_loc     0x00002b1c       0x99 Src/comms_manager.o
 .debug_loc     0x00002bb5      0xb87 Src/cw.o
 .debug_loc     0x0000373c       0x5b Src/stm32f4xx_hal_msp.o
 .debug_loc     0x00003797      0x13e Src/system_stm32f4xx.o
 .debug_loc     0x000038d5      0x26e Src/tx_manager.o

.debug_aranges  0x00000000      0x638
 .debug_aranges
                0x00000000       0xe0 Drivers/STM32F4xx_HAL_Driver/Src/stm32f4xx_hal.o
 .debug_aranges
                0x000000e0       0xa8 Drivers/STM32F4xx_HAL_Driver/Src/stm32f4xx_hal_cortex.o
 .debug_aranges
                0x00000188       0x58 Drivers/STM32F4xx_HAL_Driver/Src/stm32f4xx_hal_gpio.o
 .debug_aranges
                0x000001e0       0x88 Drivers/STM32F4xx_HAL_Driver/Src/stm32f4xx_hal_rcc.o
 .debug_aranges
                0x00000268      0x1c8 Drivers/STM32F4xx_HAL_Driver/Src/stm32f4xx_hal_spi.o
 .debug_aranges
                0x00000430       0x38 Src/cc112x_spi.o
 .debug_aranges
                0x00000468       0x30 Src/cc_tx_init.o
 .debug_aranges
                0x00000498       0x30 Src/comms_manager.o
 .debug_aranges
                0x000004c8       0x28 Src/cw.o
 .debug_aranges
                0x000004f0       0x40 Src/main.o
 .debug_aranges
                0x00000530       0x30 Src/stm32f4xx_hal_msp.o
 .debug_aranges
                0x00000560       0x60 Src/stm32f4xx_it.o
 .debug_aranges
                0x000005c0       0x28 Src/system_stm32f4xx.o
 .debug_aranges
                0x000005e8       0x28 Src/tx_manager.o
 .debug_aranges
                0x00000610       0x28 startup/startup_stm32f407xx.o

.debug_ranges   0x00000000      0x5c8
 .debug_ranges  0x00000000       0xd0 Drivers/STM32F4xx_HAL_Driver/Src/stm32f4xx_hal.o
 .debug_ranges  0x000000d0       0xf8 Drivers/STM32F4xx_HAL_Driver/Src/stm32f4xx_hal_cortex.o
 .debug_ranges  0x000001c8       0x48 Drivers/STM32F4xx_HAL_Driver/Src/stm32f4xx_hal_gpio.o
 .debug_ranges  0x00000210       0x90 Drivers/STM32F4xx_HAL_Driver/Src/stm32f4xx_hal_rcc.o
 .debug_ranges  0x000002a0      0x1b8 Drivers/STM32F4xx_HAL_Driver/Src/stm32f4xx_hal_spi.o
 .debug_ranges  0x00000458       0x28 Src/cc112x_spi.o
 .debug_ranges  0x00000480       0x20 Src/cc_tx_init.o
 .debug_ranges  0x000004a0       0x20 Src/comms_manager.o
 .debug_ranges  0x000004c0       0x18 Src/cw.o
 .debug_ranges  0x000004d8       0x30 Src/main.o
 .debug_ranges  0x00000508       0x20 Src/stm32f4xx_hal_msp.o
 .debug_ranges  0x00000528       0x50 Src/stm32f4xx_it.o
 .debug_ranges  0x00000578       0x18 Src/system_stm32f4xx.o
 .debug_ranges  0x00000590       0x18 Src/tx_manager.o
 .debug_ranges  0x000005a8       0x20 startup/startup_stm32f407xx.o

.debug_macro    0x00000000    0x21b8c
 .debug_macro   0x00000000      0x36d Drivers/STM32F4xx_HAL_Driver/Src/stm32f4xx_hal.o
 .debug_macro   0x0000036d      0xa60 Drivers/STM32F4xx_HAL_Driver/Src/stm32f4xx_hal.o
 .debug_macro   0x00000dcd       0x10 Drivers/STM32F4xx_HAL_Driver/Src/stm32f4xx_hal.o
 .debug_macro   0x00000ddd      0x17a Drivers/STM32F4xx_HAL_Driver/Src/stm32f4xx_hal.o
 .debug_macro   0x00000f57       0x32 Drivers/STM32F4xx_HAL_Driver/Src/stm32f4xx_hal.o
 .debug_macro   0x00000f89       0x2f Drivers/STM32F4xx_HAL_Driver/Src/stm32f4xx_hal.o
 .debug_macro   0x00000fb8       0x22 Drivers/STM32F4xx_HAL_Driver/Src/stm32f4xx_hal.o
 .debug_macro   0x00000fda       0x87 Drivers/STM32F4xx_HAL_Driver/Src/stm32f4xx_hal.o
 .debug_macro   0x00001061       0x51 Drivers/STM32F4xx_HAL_Driver/Src/stm32f4xx_hal.o
 .debug_macro   0x000010b2       0xef Drivers/STM32F4xx_HAL_Driver/Src/stm32f4xx_hal.o
 .debug_macro   0x000011a1       0x6a Drivers/STM32F4xx_HAL_Driver/Src/stm32f4xx_hal.o
 .debug_macro   0x0000120b      0x1df Drivers/STM32F4xx_HAL_Driver/Src/stm32f4xx_hal.o
 .debug_macro   0x000013ea       0x35 Drivers/STM32F4xx_HAL_Driver/Src/stm32f4xx_hal.o
 .debug_macro   0x0000141f       0x50 Drivers/STM32F4xx_HAL_Driver/Src/stm32f4xx_hal.o
 .debug_macro   0x0000146f      0xe66 Drivers/STM32F4xx_HAL_Driver/Src/stm32f4xx_hal.o
 .debug_macro   0x000022d5    0x15d08 Drivers/STM32F4xx_HAL_Driver/Src/stm32f4xx_hal.o
 .debug_macro   0x00017fdd       0x43 Drivers/STM32F4xx_HAL_Driver/Src/stm32f4xx_hal.o
 .debug_macro   0x00018020     0x3535 Drivers/STM32F4xx_HAL_Driver/Src/stm32f4xx_hal.o
 .debug_macro   0x0001b555       0x58 Drivers/STM32F4xx_HAL_Driver/Src/stm32f4xx_hal.o
 .debug_macro   0x0001b5ad       0x17 Drivers/STM32F4xx_HAL_Driver/Src/stm32f4xx_hal.o
 .debug_macro   0x0001b5c4       0x35 Drivers/STM32F4xx_HAL_Driver/Src/stm32f4xx_hal.o
 .debug_macro   0x0001b5f9       0x9c Drivers/STM32F4xx_HAL_Driver/Src/stm32f4xx_hal.o
 .debug_macro   0x0001b695       0x16 Drivers/STM32F4xx_HAL_Driver/Src/stm32f4xx_hal.o
 .debug_macro   0x0001b6ab       0x97 Drivers/STM32F4xx_HAL_Driver/Src/stm32f4xx_hal.o
 .debug_macro   0x0001b742      0x330 Drivers/STM32F4xx_HAL_Driver/Src/stm32f4xx_hal.o
 .debug_macro   0x0001ba72       0xfd Drivers/STM32F4xx_HAL_Driver/Src/stm32f4xx_hal.o
 .debug_macro   0x0001bb6f       0x10 Drivers/STM32F4xx_HAL_Driver/Src/stm32f4xx_hal.o
 .debug_macro   0x0001bb7f       0x58 Drivers/STM32F4xx_HAL_Driver/Src/stm32f4xx_hal.o
 .debug_macro   0x0001bbd7       0x1f Drivers/STM32F4xx_HAL_Driver/Src/stm32f4xx_hal.o
 .debug_macro   0x0001bbf6       0x43 Drivers/STM32F4xx_HAL_Driver/Src/stm32f4xx_hal.o
 .debug_macro   0x0001bc39       0x20 Drivers/STM32F4xx_HAL_Driver/Src/stm32f4xx_hal.o
 .debug_macro   0x0001bc59      0x18e Drivers/STM32F4xx_HAL_Driver/Src/stm32f4xx_hal.o
 .debug_macro   0x0001bde7       0x10 Drivers/STM32F4xx_HAL_Driver/Src/stm32f4xx_hal.o
 .debug_macro   0x0001bdf7       0x1c Drivers/STM32F4xx_HAL_Driver/Src/stm32f4xx_hal.o
 .debug_macro   0x0001be13       0x52 Drivers/STM32F4xx_HAL_Driver/Src/stm32f4xx_hal.o
 .debug_macro   0x0001be65       0x40 Drivers/STM32F4xx_HAL_Driver/Src/stm32f4xx_hal.o
 .debug_macro   0x0001bea5       0x10 Drivers/STM32F4xx_HAL_Driver/Src/stm32f4xx_hal.o
 .debug_macro   0x0001beb5       0x40 Drivers/STM32F4xx_HAL_Driver/Src/stm32f4xx_hal.o
 .debug_macro   0x0001bef5       0xd7 Drivers/STM32F4xx_HAL_Driver/Src/stm32f4xx_hal.o
 .debug_macro   0x0001bfcc       0x1c Drivers/STM32F4xx_HAL_Driver/Src/stm32f4xx_hal.o
 .debug_macro   0x0001bfe8       0x3d Drivers/STM32F4xx_HAL_Driver/Src/stm32f4xx_hal.o
 .debug_macro   0x0001c025       0x16 Drivers/STM32F4xx_HAL_Driver/Src/stm32f4xx_hal.o
 .debug_macro   0x0001c03b      0x16f Drivers/STM32F4xx_HAL_Driver/Src/stm32f4xx_hal.o
 .debug_macro   0x0001c1aa       0x50 Drivers/STM32F4xx_HAL_Driver/Src/stm32f4xx_hal.o
 .debug_macro   0x0001c1fa      0x96b Drivers/STM32F4xx_HAL_Driver/Src/stm32f4xx_hal.o
 .debug_macro   0x0001cb65      0xa02 Drivers/STM32F4xx_HAL_Driver/Src/stm32f4xx_hal.o
 .debug_macro   0x0001d567      0x11e Drivers/STM32F4xx_HAL_Driver/Src/stm32f4xx_hal.o
 .debug_macro   0x0001d685      0x13e Drivers/STM32F4xx_HAL_Driver/Src/stm32f4xx_hal.o
 .debug_macro   0x0001d7c3       0x27 Drivers/STM32F4xx_HAL_Driver/Src/stm32f4xx_hal.o
 .debug_macro   0x0001d7ea      0x287 Drivers/STM32F4xx_HAL_Driver/Src/stm32f4xx_hal.o
 .debug_macro   0x0001da71       0x5f Drivers/STM32F4xx_HAL_Driver/Src/stm32f4xx_hal.o
 .debug_macro   0x0001dad0      0x23a Drivers/STM32F4xx_HAL_Driver/Src/stm32f4xx_hal.o
 .debug_macro   0x0001dd0a      0x133 Drivers/STM32F4xx_HAL_Driver/Src/stm32f4xx_hal.o
 .debug_macro   0x0001de3d      0x21e Drivers/STM32F4xx_HAL_Driver/Src/stm32f4xx_hal.o
 .debug_macro   0x0001e05b       0x2e Drivers/STM32F4xx_HAL_Driver/Src/stm32f4xx_hal.o
 .debug_macro   0x0001e089      0x11e Drivers/STM32F4xx_HAL_Driver/Src/stm32f4xx_hal.o
 .debug_macro   0x0001e1a7       0x7f Drivers/STM32F4xx_HAL_Driver/Src/stm32f4xx_hal.o
 .debug_macro   0x0001e226       0x89 Drivers/STM32F4xx_HAL_Driver/Src/stm32f4xx_hal.o
 .debug_macro   0x0001e2af      0x202 Drivers/STM32F4xx_HAL_Driver/Src/stm32f4xx_hal.o
 .debug_macro   0x0001e4b1      0x134 Drivers/STM32F4xx_HAL_Driver/Src/stm32f4xx_hal.o
 .debug_macro   0x0001e5e5      0x30d Drivers/STM32F4xx_HAL_Driver/Src/stm32f4xx_hal_cortex.o
 .debug_macro   0x0001e8f2      0x345 Drivers/STM32F4xx_HAL_Driver/Src/stm32f4xx_hal_gpio.o
 .debug_macro   0x0001ec37      0x331 Drivers/STM32F4xx_HAL_Driver/Src/stm32f4xx_hal_rcc.o
 .debug_macro   0x0001ef68      0x315 Drivers/STM32F4xx_HAL_Driver/Src/stm32f4xx_hal_spi.o
 .debug_macro   0x0001f27d      0x3ce Src/cc112x_spi.o
 .debug_macro   0x0001f64b       0x3b Src/cc112x_spi.o
 .debug_macro   0x0001f686       0x5e Src/cc112x_spi.o
 .debug_macro   0x0001f6e4       0xb2 Src/cc112x_spi.o
 .debug_macro   0x0001f796       0x27 Src/cc112x_spi.o
 .debug_macro   0x0001f7bd       0x16 Src/cc112x_spi.o
 .debug_macro   0x0001f7d3       0x35 Src/cc112x_spi.o
 .debug_macro   0x0001f808       0x16 Src/cc112x_spi.o
 .debug_macro   0x0001f81e       0x29 Src/cc112x_spi.o
 .debug_macro   0x0001f847       0x22 Src/cc112x_spi.o
 .debug_macro   0x0001f869       0x16 Src/cc112x_spi.o
 .debug_macro   0x0001f87f      0x33c Src/cc_tx_init.o
 .debug_macro   0x0001fbbb      0x463 Src/cc_tx_init.o
 .debug_macro   0x0002001e      0x3e2 Src/comms_manager.o
 .debug_macro   0x00020400       0x10 Src/comms_manager.o
 .debug_macro   0x00020410      0x174 Src/comms_manager.o
 .debug_macro   0x00020584       0x2b Src/comms_manager.o
 .debug_macro   0x000205af      0x118 Src/comms_manager.o
 .debug_macro   0x000206c7       0x40 Src/comms_manager.o
 .debug_macro   0x00020707      0x15b Src/cw.o
 .debug_macro   0x00020862       0x52 Src/cw.o
 .debug_macro   0x000208b4       0x8d Src/cw.o
 .debug_macro   0x00020941      0x10e Src/cw.o
 .debug_macro   0x00020a4f       0x8d Src/cw.o
 .debug_macro   0x00020adc       0x57 Src/cw.o
 .debug_macro   0x00020b33      0x311 Src/main.o
 .debug_macro   0x00020e44      0x30d Src/stm32f4xx_hal_msp.o
 .debug_macro   0x00021151      0x317 Src/stm32f4xx_it.o
 .debug_macro   0x00021468      0x313 Src/system_stm32f4xx.o
 .debug_macro   0x0002177b      0x3cd Src/tx_manager.o
 .debug_macro   0x00021b48       0x1c Src/tx_manager.o
 .debug_macro   0x00021b64       0x28 Src/tx_manager.o

.debug_line     0x00000000     0x8f97
 .debug_line    0x00000000      0xa91 Drivers/STM32F4xx_HAL_Driver/Src/stm32f4xx_hal.o
 .debug_line    0x00000a91      0xaec Drivers/STM32F4xx_HAL_Driver/Src/stm32f4xx_hal_cortex.o
 .debug_line    0x0000157d      0xa34 Drivers/STM32F4xx_HAL_Driver/Src/stm32f4xx_hal_gpio.o
 .debug_line    0x00001fb1      0xb26 Drivers/STM32F4xx_HAL_Driver/Src/stm32f4xx_hal_rcc.o
 .debug_line    0x00002ad7     0x12a4 Drivers/STM32F4xx_HAL_Driver/Src/stm32f4xx_hal_spi.o
 .debug_line    0x00003d7b      0x9d5 Src/cc112x_spi.o
 .debug_line    0x00004750      0x958 Src/cc_tx_init.o
 .debug_line    0x000050a8      0xa5b Src/comms_manager.o
 .debug_line    0x00005b03      0x5bf Src/cw.o
 .debug_line    0x000060c2      0x927 Src/main.o
 .debug_line    0x000069e9      0x8e3 Src/stm32f4xx_hal_msp.o
 .debug_line    0x000072cc      0x937 Src/stm32f4xx_it.o
 .debug_line    0x00007c03      0x8d8 Src/system_stm32f4xx.o
 .debug_line    0x000084db      0xa3d Src/tx_manager.o
 .debug_line    0x00008f18       0x7f startup/startup_stm32f407xx.o

.debug_str      0x00000000    0xbdb8f
 .debug_str     0x00000000    0xba99e Drivers/STM32F4xx_HAL_Driver/Src/stm32f4xx_hal.o
                              0xbad88 (size before relaxing)
 .debug_str     0x000ba99e      0x3ae Drivers/STM32F4xx_HAL_Driver/Src/stm32f4xx_hal_cortex.o
                              0xbaaca (size before relaxing)
 .debug_str     0x000bad4c      0x292 Drivers/STM32F4xx_HAL_Driver/Src/stm32f4xx_hal_gpio.o
                              0xba45d (size before relaxing)
 .debug_str     0x000bafde      0x384 Drivers/STM32F4xx_HAL_Driver/Src/stm32f4xx_hal_rcc.o
                              0xba627 (size before relaxing)
 .debug_str     0x000bb362      0x919 Drivers/STM32F4xx_HAL_Driver/Src/stm32f4xx_hal_spi.o
                              0xbaa43 (size before relaxing)
 .debug_str     0x000bbc7b      0x9da Src/cc112x_spi.o
                              0xbaeb7 (size before relaxing)
 .debug_str     0x000bc655      0xc2e Src/cc_tx_init.o
                              0xbb059 (size before relaxing)
 .debug_str     0x000bd283      0x64d Src/comms_manager.o
                              0xba932 (size before relaxing)
 .debug_str     0x000bd8d0       0xa4 Src/cw.o
                               0x6ed1 (size before relaxing)
 .debug_str     0x000bd974       0x4f Src/main.o
                              0xbad71 (size before relaxing)
 .debug_str     0x000bd9c3       0x1b Src/stm32f4xx_hal_msp.o
                              0xbab7d (size before relaxing)
 .debug_str     0x000bd9de       0xb8 Src/stm32f4xx_it.o
                              0xba139 (size before relaxing)
 .debug_str     0x000bda96       0x5a Src/system_stm32f4xx.o
                              0xba219 (size before relaxing)
 .debug_str     0x000bdaf0       0x6f Src/tx_manager.o
                              0xba8ca (size before relaxing)
 .debug_str     0x000bdb5f       0x30 startup/startup_stm32f407xx.o
                                 0x7e (size before relaxing)

.comment        0x00000000       0x7e
 .comment       0x00000000       0x7e Drivers/STM32F4xx_HAL_Driver/Src/stm32f4xx_hal.o
                                 0x7f (size before relaxing)
 .comment       0x0000007e       0x7f Drivers/STM32F4xx_HAL_Driver/Src/stm32f4xx_hal_cortex.o
 .comment       0x0000007e       0x7f Drivers/STM32F4xx_HAL_Driver/Src/stm32f4xx_hal_gpio.o
 .comment       0x0000007e       0x7f Drivers/STM32F4xx_HAL_Driver/Src/stm32f4xx_hal_rcc.o
 .comment       0x0000007e       0x7f Drivers/STM32F4xx_HAL_Driver/Src/stm32f4xx_hal_spi.o
 .comment       0x0000007e       0x7f Src/cc112x_spi.o
 .comment       0x0000007e       0x7f Src/cc_tx_init.o
 .comment       0x0000007e       0x7f Src/comms_manager.o
 .comment       0x0000007e       0x7f Src/cw.o
 .comment       0x0000007e       0x7f Src/main.o
 .comment       0x0000007e       0x7f Src/stm32f4xx_hal_msp.o
 .comment       0x0000007e       0x7f Src/stm32f4xx_it.o
 .comment       0x0000007e       0x7f Src/system_stm32f4xx.o
 .comment       0x0000007e       0x7f Src/tx_manager.o

.debug_frame    0x00000000      0xf74
 .debug_frame   0x00000000      0x1cc Drivers/STM32F4xx_HAL_Driver/Src/stm32f4xx_hal.o
 .debug_frame   0x000001cc      0x15c Drivers/STM32F4xx_HAL_Driver/Src/stm32f4xx_hal_cortex.o
 .debug_frame   0x00000328       0xd8 Drivers/STM32F4xx_HAL_Driver/Src/stm32f4xx_hal_gpio.o
 .debug_frame   0x00000400      0x184 Drivers/STM32F4xx_HAL_Driver/Src/stm32f4xx_hal_rcc.o
 .debug_frame   0x00000584      0x55c Drivers/STM32F4xx_HAL_Driver/Src/stm32f4xx_hal_spi.o
 .debug_frame   0x00000ae0       0x94 Src/cc112x_spi.o
 .debug_frame   0x00000b74       0x60 Src/cc_tx_init.o
 .debug_frame   0x00000bd4       0x64 Src/comms_manager.o
 .debug_frame   0x00000c38       0x54 Src/cw.o
 .debug_frame   0x00000c8c       0x94 Src/main.o
 .debug_frame   0x00000d20       0x64 Src/stm32f4xx_hal_msp.o
 .debug_frame   0x00000d84       0xa8 Src/stm32f4xx_it.o
 .debug_frame   0x00000e2c       0x30 Src/system_stm32f4xx.o
 .debug_frame   0x00000e5c       0x6c Src/tx_manager.o
 .debug_frame   0x00000ec8       0x2c c:/users/franc/documents/_hiver2019/pfe/stm32/sw4stm32/plugins/fr.ac6.mcu.externaltools.arm-none.win32_1.16.0.201807130628/tools/compiler/bin/../lib/gcc/arm-none-eabi/7.2.1/thumb/v7e-m/fpv4-sp/hard\libgcc.a(_aeabi_uldivmod.o)
 .debug_frame   0x00000ef4       0x34 c:/users/franc/documents/_hiver2019/pfe/stm32/sw4stm32/plugins/fr.ac6.mcu.externaltools.arm-none.win32_1.16.0.201807130628/tools/compiler/bin/../lib/gcc/arm-none-eabi/7.2.1/thumb/v7e-m/fpv4-sp/hard\libgcc.a(_udivmoddi4.o)
 .debug_frame   0x00000f28       0x2c c:/users/franc/documents/_hiver2019/pfe/stm32/sw4stm32/plugins/fr.ac6.mcu.externaltools.arm-none.win32_1.16.0.201807130628/tools/compiler/bin/../lib/gcc/arm-none-eabi/7.2.1/../../../../arm-none-eabi/lib/thumb/v7e-m/fpv4-sp/hard\libc_nano.a(lib_a-init.o)
 .debug_frame   0x00000f54       0x20 c:/users/franc/documents/_hiver2019/pfe/stm32/sw4stm32/plugins/fr.ac6.mcu.externaltools.arm-none.win32_1.16.0.201807130628/tools/compiler/bin/../lib/gcc/arm-none-eabi/7.2.1/../../../../arm-none-eabi/lib/thumb/v7e-m/fpv4-sp/hard\libc_nano.a(lib_a-memset.o)
